Archive member included to satisfy reference by file (symbol)

/usr/lib/gcc/arm-none-eabi/10.3.1/../../../arm-none-eabi/lib/thumb/v7e-m+fp/hard/libc_nano.a(lib_a-atexit.o)
                              /usr/lib/gcc/arm-none-eabi/10.3.1/../../../arm-none-eabi/lib/thumb/v7e-m+fp/hard/crt0.o (atexit)
/usr/lib/gcc/arm-none-eabi/10.3.1/../../../arm-none-eabi/lib/thumb/v7e-m+fp/hard/libc_nano.a(lib_a-exit.o)
                              /usr/lib/gcc/arm-none-eabi/10.3.1/../../../arm-none-eabi/lib/thumb/v7e-m+fp/hard/crt0.o (exit)
/usr/lib/gcc/arm-none-eabi/10.3.1/../../../arm-none-eabi/lib/thumb/v7e-m+fp/hard/libc_nano.a(lib_a-fini.o)
                              /usr/lib/gcc/arm-none-eabi/10.3.1/../../../arm-none-eabi/lib/thumb/v7e-m+fp/hard/crt0.o (__libc_fini_array)
/usr/lib/gcc/arm-none-eabi/10.3.1/../../../arm-none-eabi/lib/thumb/v7e-m+fp/hard/libc_nano.a(lib_a-impure.o)
                              /usr/lib/gcc/arm-none-eabi/10.3.1/../../../arm-none-eabi/lib/thumb/v7e-m+fp/hard/libc_nano.a(lib_a-exit.o) (_global_impure_ptr)
/usr/lib/gcc/arm-none-eabi/10.3.1/../../../arm-none-eabi/lib/thumb/v7e-m+fp/hard/libc_nano.a(lib_a-init.o)
                              /usr/lib/gcc/arm-none-eabi/10.3.1/../../../arm-none-eabi/lib/thumb/v7e-m+fp/hard/crt0.o (__libc_init_array)
/usr/lib/gcc/arm-none-eabi/10.3.1/../../../arm-none-eabi/lib/thumb/v7e-m+fp/hard/libc_nano.a(lib_a-memset.o)
                              /usr/lib/gcc/arm-none-eabi/10.3.1/../../../arm-none-eabi/lib/thumb/v7e-m+fp/hard/crt0.o (memset)
/usr/lib/gcc/arm-none-eabi/10.3.1/../../../arm-none-eabi/lib/thumb/v7e-m+fp/hard/libc_nano.a(lib_a-__atexit.o)
                              /usr/lib/gcc/arm-none-eabi/10.3.1/../../../arm-none-eabi/lib/thumb/v7e-m+fp/hard/libc_nano.a(lib_a-atexit.o) (__register_exitproc)
/usr/lib/gcc/arm-none-eabi/10.3.1/../../../arm-none-eabi/lib/thumb/v7e-m+fp/hard/libc_nano.a(lib_a-__call_atexit.o)
                              /usr/lib/gcc/arm-none-eabi/10.3.1/../../../arm-none-eabi/lib/thumb/v7e-m+fp/hard/libc_nano.a(lib_a-__atexit.o) (__call_exitprocs)
/usr/lib/gcc/arm-none-eabi/10.3.1/../../../arm-none-eabi/lib/thumb/v7e-m+fp/hard/libnosys.a(_exit.o)
                              /usr/lib/gcc/arm-none-eabi/10.3.1/../../../arm-none-eabi/lib/thumb/v7e-m+fp/hard/libc_nano.a(lib_a-exit.o) (_exit)
/usr/lib/gcc/arm-none-eabi/10.3.1/thumb/v7e-m+fp/hard/libgcc.a(_aeabi_uldivmod.o)
                              build/stm32l4xx_hal_uart.o (__aeabi_uldivmod)
/usr/lib/gcc/arm-none-eabi/10.3.1/thumb/v7e-m+fp/hard/libgcc.a(_udivmoddi4.o)
                              /usr/lib/gcc/arm-none-eabi/10.3.1/thumb/v7e-m+fp/hard/libgcc.a(_aeabi_uldivmod.o) (__udivmoddi4)
/usr/lib/gcc/arm-none-eabi/10.3.1/thumb/v7e-m+fp/hard/libgcc.a(_dvmd_tls.o)
                              /usr/lib/gcc/arm-none-eabi/10.3.1/thumb/v7e-m+fp/hard/libgcc.a(_aeabi_uldivmod.o) (__aeabi_ldiv0)

Discarded input sections

 .text          0x0000000000000000        0x0 /usr/lib/gcc/arm-none-eabi/10.3.1/thumb/v7e-m+fp/hard/crti.o
 .data          0x0000000000000000        0x0 /usr/lib/gcc/arm-none-eabi/10.3.1/thumb/v7e-m+fp/hard/crti.o
 .bss           0x0000000000000000        0x0 /usr/lib/gcc/arm-none-eabi/10.3.1/thumb/v7e-m+fp/hard/crti.o
 .data          0x0000000000000000        0x4 /usr/lib/gcc/arm-none-eabi/10.3.1/thumb/v7e-m+fp/hard/crtbegin.o
 .rodata        0x0000000000000000       0x24 /usr/lib/gcc/arm-none-eabi/10.3.1/thumb/v7e-m+fp/hard/crtbegin.o
 .text          0x0000000000000000       0x70 /usr/lib/gcc/arm-none-eabi/10.3.1/../../../arm-none-eabi/lib/thumb/v7e-m+fp/hard/crt0.o
 .data          0x0000000000000000        0x0 /usr/lib/gcc/arm-none-eabi/10.3.1/../../../arm-none-eabi/lib/thumb/v7e-m+fp/hard/crt0.o
 .bss           0x0000000000000000        0x0 /usr/lib/gcc/arm-none-eabi/10.3.1/../../../arm-none-eabi/lib/thumb/v7e-m+fp/hard/crt0.o
 .ARM.extab     0x0000000000000000        0x0 /usr/lib/gcc/arm-none-eabi/10.3.1/../../../arm-none-eabi/lib/thumb/v7e-m+fp/hard/crt0.o
 .ARM.exidx     0x0000000000000000       0x10 /usr/lib/gcc/arm-none-eabi/10.3.1/../../../arm-none-eabi/lib/thumb/v7e-m+fp/hard/crt0.o
 .debug_line    0x0000000000000000       0x87 /usr/lib/gcc/arm-none-eabi/10.3.1/../../../arm-none-eabi/lib/thumb/v7e-m+fp/hard/crt0.o
 .debug_info    0x0000000000000000       0x26 /usr/lib/gcc/arm-none-eabi/10.3.1/../../../arm-none-eabi/lib/thumb/v7e-m+fp/hard/crt0.o
 .debug_abbrev  0x0000000000000000       0x14 /usr/lib/gcc/arm-none-eabi/10.3.1/../../../arm-none-eabi/lib/thumb/v7e-m+fp/hard/crt0.o
 .debug_aranges
                0x0000000000000000       0x20 /usr/lib/gcc/arm-none-eabi/10.3.1/../../../arm-none-eabi/lib/thumb/v7e-m+fp/hard/crt0.o
 .debug_str     0x0000000000000000       0x98 /usr/lib/gcc/arm-none-eabi/10.3.1/../../../arm-none-eabi/lib/thumb/v7e-m+fp/hard/crt0.o
 .ARM.attributes
                0x0000000000000000       0x1c /usr/lib/gcc/arm-none-eabi/10.3.1/../../../arm-none-eabi/lib/thumb/v7e-m+fp/hard/crt0.o
[...]
Memory Configuration

Name             Origin             Length             Attributes
RAM              0x0000000020000000 0x0000000000050000 xrw
RAM2             0x0000000010000000 0x0000000000010000 xrw
FLASH            0x0000000008000000 0x0000000000100000 xr
*default*        0x0000000000000000 0xffffffffffffffff

Linker script and memory map

LOAD /usr/lib/gcc/arm-none-eabi/10.3.1/thumb/v7e-m+fp/hard/crti.o
LOAD /usr/lib/gcc/arm-none-eabi/10.3.1/thumb/v7e-m+fp/hard/crtbegin.o
LOAD /usr/lib/gcc/arm-none-eabi/10.3.1/../../../arm-none-eabi/lib/thumb/v7e-m+fp/hard/crt0.o
LOAD build/main.o
LOAD build/gpio.o
LOAD build/usart.o
LOAD build/usb_otg.o
LOAD build/stm32l4xx_it.o
LOAD build/stm32l4xx_hal_msp.o
LOAD build/stm32l4xx_hal_uart.o
LOAD build/stm32l4xx_hal_uart_ex.o
LOAD build/stm32l4xx_hal.o
LOAD build/stm32l4xx_hal_i2c.o
LOAD build/stm32l4xx_hal_i2c_ex.o
LOAD build/stm32l4xx_hal_rcc.o
LOAD build/stm32l4xx_hal_rcc_ex.o
LOAD build/stm32l4xx_hal_flash.o
LOAD build/stm32l4xx_hal_flash_ex.o
LOAD build/stm32l4xx_hal_flash_ramfunc.o
LOAD build/stm32l4xx_hal_gpio.o
LOAD build/stm32l4xx_hal_dma.o
LOAD build/stm32l4xx_hal_dma_ex.o
LOAD build/stm32l4xx_hal_pwr.o
LOAD build/stm32l4xx_hal_pwr_ex.o
LOAD build/stm32l4xx_hal_cortex.o
LOAD build/stm32l4xx_hal_exti.o
LOAD build/stm32l4xx_hal_tim.o
LOAD build/stm32l4xx_hal_tim_ex.o
LOAD build/stm32l4xx_hal_pcd.o
LOAD build/stm32l4xx_hal_pcd_ex.o
LOAD build/stm32l4xx_ll_usb.o
LOAD build/system_stm32l4xx.o
LOAD build/stm32l4xx_ll_utils.o
LOAD build/stm32l4xx_ll_exti.o
LOAD build/stm32l4xx_ll_gpio.o
LOAD build/startup_stm32l4a6xx.o
LOAD /usr/lib/gcc/arm-none-eabi/10.3.1/../../../arm-none-eabi/lib/thumb/v7e-m+fp/hard/libc_nano.a
LOAD /usr/lib/gcc/arm-none-eabi/10.3.1/../../../arm-none-eabi/lib/thumb/v7e-m+fp/hard/libm.a
LOAD /usr/lib/gcc/arm-none-eabi/10.3.1/../../../arm-none-eabi/lib/thumb/v7e-m+fp/hard/libnosys.a
START GROUP
LOAD /usr/lib/gcc/arm-none-eabi/10.3.1/thumb/v7e-m+fp/hard/libgcc.a
LOAD /usr/lib/gcc/arm-none-eabi/10.3.1/../../../arm-none-eabi/lib/thumb/v7e-m+fp/hard/libc_nano.a
END GROUP
START GROUP
LOAD /usr/lib/gcc/arm-none-eabi/10.3.1/thumb/v7e-m+fp/hard/libgcc.a
LOAD /usr/lib/gcc/arm-none-eabi/10.3.1/../../../arm-none-eabi/lib/thumb/v7e-m+fp/hard/libc_nano.a
END GROUP
LOAD /usr/lib/gcc/arm-none-eabi/10.3.1/thumb/v7e-m+fp/hard/crtend.o
LOAD /usr/lib/gcc/arm-none-eabi/10.3.1/thumb/v7e-m+fp/hard/crtn.o
                0x0000000020050000                _estack = (ORIGIN (RAM) + LENGTH (RAM))
                0x0000000000000200                _Min_Heap_Size = 0x200
                0x0000000000000400                _Min_Stack_Size = 0x400

.isr_vector     0x0000000008000000      0x1b0
                0x0000000008000000                . = ALIGN (0x8)
 *(.isr_vector)
 .isr_vector    0x0000000008000000      0x1ac build/startup_stm32l4a6xx.o
                0x0000000008000000                g_pfnVectors
                0x00000000080001b0                . = ALIGN (0x8)
 *fill*         0x00000000080001ac        0x4 

.text           0x00000000080001b0     0x2d98
                0x00000000080001b0                . = ALIGN (0x8)
 *(.text)
 .text          0x00000000080001b0       0x88 /usr/lib/gcc/arm-none-eabi/10.3.1/thumb/v7e-m+fp/hard/crtbegin.o
 .text          0x0000000008000238       0x48 /usr/lib/gcc/arm-none-eabi/10.3.1/../../../arm-none-eabi/lib/thumb/v7e-m+fp/hard/libc_nano.a(lib_a-init.o)
                0x0000000008000238                __libc_init_array
 .text          0x0000000008000280       0xa4 /usr/lib/gcc/arm-none-eabi/10.3.1/../../../arm-none-eabi/lib/thumb/v7e-m+fp/hard/libc_nano.a(lib_a-memset.o)
                0x0000000008000280                memset
 .text          0x0000000008000324       0x30 /usr/lib/gcc/arm-none-eabi/10.3.1/thumb/v7e-m+fp/hard/libgcc.a(_aeabi_uldivmod.o)
                0x0000000008000324                __aeabi_uldivmod
 .text          0x0000000008000354      0x2d0 /usr/lib/gcc/arm-none-eabi/10.3.1/thumb/v7e-m+fp/hard/libgcc.a(_udivmoddi4.o)
                0x0000000008000354                __udivmoddi4
 .text          0x0000000008000624        0x4 /usr/lib/gcc/arm-none-eabi/10.3.1/thumb/v7e-m+fp/hard/libgcc.a(_dvmd_tls.o)
                0x0000000008000624                __aeabi_ldiv0
                0x0000000008000624                __aeabi_idiv0
 *(.text*)
 .text.user_button_callback
                0x0000000008000628       0x2c build/main.o
                0x0000000008000628                user_button_callback
 .text.Error_Handler
                0x0000000008000654        0x4 build/main.o
                0x0000000008000654                Error_Handler
 .text.SystemClock_Config
                0x0000000008000658       0xa0 build/main.o
                0x0000000008000658                SystemClock_Config
 .text.main     0x00000000080006f8       0xc8 build/main.o
                0x00000000080006f8                main
 .text.MX_GPIO_Init
                0x00000000080007c0      0x1d0 build/gpio.o
                0x00000000080007c0                MX_GPIO_Init
 .text.MX_LPUART1_UART_Init
                0x0000000008000990       0x3c build/usart.o
                0x0000000008000990                MX_LPUART1_UART_Init
 .text.MX_USART2_UART_Init
                0x00000000080009cc       0x38 build/usart.o
                0x00000000080009cc                MX_USART2_UART_Init
 .text.HAL_UART_MspInit
                0x0000000008000a04       0xfc build/usart.o
                0x0000000008000a04                HAL_UART_MspInit
 .text.MX_USB_OTG_FS_PCD_Init
                0x0000000008000b00       0x38 build/usb_otg.o
                0x0000000008000b00                MX_USB_OTG_FS_PCD_Init
 .text.HAL_PCD_MspInit
                0x0000000008000b38       0xe8 build/usb_otg.o
                0x0000000008000b38                HAL_PCD_MspInit
 .text.NMI_Handler
                0x0000000008000c20        0x2 build/stm32l4xx_it.o
                0x0000000008000c20                NMI_Handler
 .text.HardFault_Handler
                0x0000000008000c22        0x2 build/stm32l4xx_it.o
                0x0000000008000c22                HardFault_Handler
 .text.MemManage_Handler
                0x0000000008000c24        0x2 build/stm32l4xx_it.o
                0x0000000008000c24                MemManage_Handler
 .text.BusFault_Handler
                0x0000000008000c26        0x2 build/stm32l4xx_it.o
                0x0000000008000c26                BusFault_Handler
 .text.UsageFault_Handler
                0x0000000008000c28        0x2 build/stm32l4xx_it.o
                0x0000000008000c28                UsageFault_Handler
 .text.SVC_Handler
                0x0000000008000c2a        0x2 build/stm32l4xx_it.o
                0x0000000008000c2a                SVC_Handler
 .text.DebugMon_Handler
                0x0000000008000c2c        0x2 build/stm32l4xx_it.o
                0x0000000008000c2c                DebugMon_Handler
 .text.PendSV_Handler
                0x0000000008000c2e        0x2 build/stm32l4xx_it.o
                0x0000000008000c2e                PendSV_Handler
 .text.SysTick_Handler
                0x0000000008000c30        0x8 build/stm32l4xx_it.o
                0x0000000008000c30                SysTick_Handler
 .text.EXTI15_10_IRQHandler
                0x0000000008000c38       0x20 build/stm32l4xx_it.o
                0x0000000008000c38                EXTI15_10_IRQHandler
 .text.HAL_MspInit
                0x0000000008000c58       0x30 build/stm32l4xx_hal_msp.o
                0x0000000008000c58                HAL_MspInit
 .text.UART_SetConfig
                0x0000000008000c88      0x328 build/stm32l4xx_hal_uart.o
                0x0000000008000c88                UART_SetConfig
 .text.UART_AdvFeatureConfig
                0x0000000008000fb0       0xca build/stm32l4xx_hal_uart.o
                0x0000000008000fb0                UART_AdvFeatureConfig
 .text.UART_WaitOnFlagUntilTimeout
                0x000000000800107a       0xd4 build/stm32l4xx_hal_uart.o
                0x000000000800107a                UART_WaitOnFlagUntilTimeout
 .text.UART_CheckIdleState
                0x000000000800114e       0x70 build/stm32l4xx_hal_uart.o
                0x000000000800114e                UART_CheckIdleState
 .text.HAL_UART_Init
                0x00000000080011be       0x62 build/stm32l4xx_hal_uart.o
                0x00000000080011be                HAL_UART_Init
 .text.HAL_InitTick
                0x0000000008001220       0x50 build/stm32l4xx_hal.o
                0x0000000008001220                HAL_InitTick
 .text.HAL_Init
                0x0000000008001270       0x1e build/stm32l4xx_hal.o
                0x0000000008001270                HAL_Init
 *fill*         0x000000000800128e        0x2 
 .text.HAL_IncTick
                0x0000000008001290       0x18 build/stm32l4xx_hal.o
                0x0000000008001290                HAL_IncTick
 .text.HAL_GetTick
                0x00000000080012a8        0xc build/stm32l4xx_hal.o
                0x00000000080012a8                HAL_GetTick
 .text.HAL_Delay
                0x00000000080012b4       0x28 build/stm32l4xx_hal.o
                0x00000000080012b4                HAL_Delay
 .text.RCC_SetFlashLatencyFromMSIRange
                0x00000000080012dc       0x90 build/stm32l4xx_hal_rcc.o
 .text.HAL_RCC_GetSysClockFreq
                0x000000000800136c       0xb4 build/stm32l4xx_hal_rcc.o
                0x000000000800136c                HAL_RCC_GetSysClockFreq
 .text.HAL_RCC_OscConfig
                0x0000000008001420      0x67c build/stm32l4xx_hal_rcc.o
                0x0000000008001420                HAL_RCC_OscConfig
 .text.HAL_RCC_ClockConfig
                0x0000000008001a9c      0x188 build/stm32l4xx_hal_rcc.o
                0x0000000008001a9c                HAL_RCC_ClockConfig
 .text.HAL_RCC_GetHCLKFreq
                0x0000000008001c24        0xc build/stm32l4xx_hal_rcc.o
                0x0000000008001c24                HAL_RCC_GetHCLKFreq
 .text.HAL_RCC_GetPCLK1Freq
                0x0000000008001c30       0x24 build/stm32l4xx_hal_rcc.o
                0x0000000008001c30                HAL_RCC_GetPCLK1Freq
 .text.HAL_RCC_GetPCLK2Freq
                0x0000000008001c54       0x24 build/stm32l4xx_hal_rcc.o
                0x0000000008001c54                HAL_RCC_GetPCLK2Freq
 .text.RCCEx_PLLSAI1_Config
                0x0000000008001c78      0x16c build/stm32l4xx_hal_rcc_ex.o
 .text.RCCEx_PLLSAI2_Config
                0x0000000008001de4      0x148 build/stm32l4xx_hal_rcc_ex.o
 .text.HAL_RCCEx_PeriphCLKConfig
                0x0000000008001f2c      0x470 build/stm32l4xx_hal_rcc_ex.o
                0x0000000008001f2c                HAL_RCCEx_PeriphCLKConfig
 .text.HAL_RCCEx_EnableMSIPLLMode
                0x000000000800239c       0x10 build/stm32l4xx_hal_rcc_ex.o
                0x000000000800239c                HAL_RCCEx_EnableMSIPLLMode
 .text.HAL_GPIO_Init
                0x00000000080023ac      0x1f0 build/stm32l4xx_hal_gpio.o
                0x00000000080023ac                HAL_GPIO_Init
 .text.HAL_PWR_EnableBkUpAccess
                0x000000000800259c       0x10 build/stm32l4xx_hal_pwr.o
                0x000000000800259c                HAL_PWR_EnableBkUpAccess
 .text.HAL_PWREx_GetVoltageRange
                0x00000000080025ac       0x10 build/stm32l4xx_hal_pwr_ex.o
                0x00000000080025ac                HAL_PWREx_GetVoltageRange
 .text.HAL_PWREx_ControlVoltageScaling
                0x00000000080025bc       0x90 build/stm32l4xx_hal_pwr_ex.o
                0x00000000080025bc                HAL_PWREx_ControlVoltageScaling
 .text.HAL_PWREx_EnableVddUSB
                0x000000000800264c       0x10 build/stm32l4xx_hal_pwr_ex.o
                0x000000000800264c                HAL_PWREx_EnableVddUSB
 .text.HAL_NVIC_SetPriorityGrouping
                0x000000000800265c       0x24 build/stm32l4xx_hal_cortex.o
                0x000000000800265c                HAL_NVIC_SetPriorityGrouping
 .text.HAL_NVIC_SetPriority
                0x0000000008002680       0x70 build/stm32l4xx_hal_cortex.o
                0x0000000008002680                HAL_NVIC_SetPriority
 .text.HAL_SYSTICK_Config
                0x00000000080026f0       0x28 build/stm32l4xx_hal_cortex.o
                0x00000000080026f0                HAL_SYSTICK_Config
 .text.HAL_PCD_Init
                0x0000000008002718      0x13c build/stm32l4xx_hal_pcd.o
                0x0000000008002718                HAL_PCD_Init
 .text.HAL_PCDEx_ActivateLPM
                0x0000000008002854       0x26 build/stm32l4xx_hal_pcd_ex.o
                0x0000000008002854                HAL_PCDEx_ActivateLPM
 *fill*         0x000000000800287a        0x2 
 .text.USB_CoreReset
                0x000000000800287c       0x50 build/stm32l4xx_ll_usb.o
 .text.USB_CoreInit
                0x00000000080028cc       0x38 build/stm32l4xx_ll_usb.o
                0x00000000080028cc                USB_CoreInit
 .text.USB_DisableGlobalInt
                0x0000000008002904        0xc build/stm32l4xx_ll_usb.o
                0x0000000008002904                USB_DisableGlobalInt
 .text.USB_FlushTxFifo
                0x0000000008002910       0x50 build/stm32l4xx_ll_usb.o
                0x0000000008002910                USB_FlushTxFifo
 .text.USB_FlushRxFifo
                0x0000000008002960       0x4c build/stm32l4xx_ll_usb.o
                0x0000000008002960                USB_FlushRxFifo
 .text.USB_SetDevSpeed
                0x00000000080029ac        0xe build/stm32l4xx_ll_usb.o
                0x00000000080029ac                USB_SetDevSpeed
 *fill*         0x00000000080029ba        0x2 
 .text.USB_DevInit
                0x00000000080029bc      0x164 build/stm32l4xx_ll_usb.o
                0x00000000080029bc                USB_DevInit
 .text.USB_DevDisconnect
                0x0000000008002b20       0x1c build/stm32l4xx_ll_usb.o
                0x0000000008002b20                USB_DevDisconnect
 .text.USB_GetMode
                0x0000000008002b3c        0x8 build/stm32l4xx_ll_usb.o
                0x0000000008002b3c                USB_GetMode
 .text.USB_SetCurrentMode
                0x0000000008002b44       0x62 build/stm32l4xx_ll_usb.o
                0x0000000008002b44                USB_SetCurrentMode
 *fill*         0x0000000008002ba6        0x2 
 .text.SystemInit
                0x0000000008002ba8       0x14 build/system_stm32l4xx.o
                0x0000000008002ba8                SystemInit
 .text.LL_EXTI_Init
                0x0000000008002bbc      0x19c build/stm32l4xx_ll_exti.o
                0x0000000008002bbc                LL_EXTI_Init
 .text.LL_GPIO_Init
                0x0000000008002d58      0x17e build/stm32l4xx_ll_gpio.o
                0x0000000008002d58                LL_GPIO_Init
 *fill*         0x0000000008002ed6        0x2 
 .text.Reset_Handler
                0x0000000008002ed8       0x50 build/startup_stm32l4a6xx.o
                0x0000000008002ed8                Reset_Handler
 .text.Default_Handler
                0x0000000008002f28        0x2 build/startup_stm32l4a6xx.o
                0x0000000008002f28                RTC_Alarm_IRQHandler
                0x0000000008002f28                HASH_RNG_IRQHandler
                0x0000000008002f28                EXTI2_IRQHandler
                0x0000000008002f28                TIM8_TRG_COM_IRQHandler
                0x0000000008002f28                TIM8_CC_IRQHandler
                0x0000000008002f28                TIM1_CC_IRQHandler
                0x0000000008002f28                TSC_IRQHandler
                0x0000000008002f28                TAMP_STAMP_IRQHandler
                0x0000000008002f28                CAN2_RX1_IRQHandler
                0x0000000008002f28                EXTI3_IRQHandler
                0x0000000008002f28                LPTIM2_IRQHandler
                0x0000000008002f28                DFSDM1_FLT1_IRQHandler
                0x0000000008002f28                I2C3_ER_IRQHandler
                0x0000000008002f28                DFSDM1_FLT2_IRQHandler
                0x0000000008002f28                EXTI0_IRQHandler
                0x0000000008002f28                I2C2_EV_IRQHandler
                0x0000000008002f28                CAN1_RX0_IRQHandler
                0x0000000008002f28                FPU_IRQHandler
                0x0000000008002f28                TIM1_UP_TIM16_IRQHandler
                0x0000000008002f28                CAN2_SCE_IRQHandler
                0x0000000008002f28                ADC1_2_IRQHandler
                0x0000000008002f28                SPI1_IRQHandler
                0x0000000008002f28                TIM6_DAC_IRQHandler
                0x0000000008002f28                DCMI_IRQHandler
                0x0000000008002f28                CAN2_RX0_IRQHandler
                0x0000000008002f28                TIM8_UP_IRQHandler
                0x0000000008002f28                DMA2_Channel2_IRQHandler
                0x0000000008002f28                DMA1_Channel4_IRQHandler
                0x0000000008002f28                SAI2_IRQHandler
                0x0000000008002f28                DFSDM1_FLT3_IRQHandler
                0x0000000008002f28                USART3_IRQHandler
                0x0000000008002f28                DMA1_Channel7_IRQHandler
                0x0000000008002f28                CAN1_RX1_IRQHandler
                0x0000000008002f28                LCD_IRQHandler
                0x0000000008002f28                UART5_IRQHandler
                0x0000000008002f28                ADC3_IRQHandler
                0x0000000008002f28                TIM4_IRQHandler
                0x0000000008002f28                DMA2_Channel1_IRQHandler
                0x0000000008002f28                QUADSPI_IRQHandler
                0x0000000008002f28                I2C1_EV_IRQHandler
                0x0000000008002f28                DMA1_Channel6_IRQHandler
                0x0000000008002f28                UART4_IRQHandler
                0x0000000008002f28                DMA2_Channel4_IRQHandler
                0x0000000008002f28                TIM3_IRQHandler
                0x0000000008002f28                RCC_IRQHandler
                0x0000000008002f28                DMA1_Channel1_IRQHandler
                0x0000000008002f28                Default_Handler
                0x0000000008002f28                DMA2_Channel7_IRQHandler
                0x0000000008002f28                TIM7_IRQHandler
                0x0000000008002f28                SDMMC1_IRQHandler
                0x0000000008002f28                CAN2_TX_IRQHandler
                0x0000000008002f28                TIM5_IRQHandler
                0x0000000008002f28                I2C3_EV_IRQHandler
                0x0000000008002f28                EXTI9_5_IRQHandler
                0x0000000008002f28                RTC_WKUP_IRQHandler
                0x0000000008002f28                PVD_PVM_IRQHandler
                0x0000000008002f28                SPI2_IRQHandler
                0x0000000008002f28                CAN1_TX_IRQHandler
                0x0000000008002f28                DMA2_Channel5_IRQHandler
                0x0000000008002f28                CRS_IRQHandler
                0x0000000008002f28                DMA1_Channel5_IRQHandler
                0x0000000008002f28                EXTI4_IRQHandler
                0x0000000008002f28                TIM1_TRG_COM_TIM17_IRQHandler
                0x0000000008002f28                DMA1_Channel3_IRQHandler
                0x0000000008002f28                COMP_IRQHandler
                0x0000000008002f28                WWDG_IRQHandler
                0x0000000008002f28                I2C4_EV_IRQHandler
                0x0000000008002f28                LPUART1_IRQHandler
                0x0000000008002f28                DMA2_Channel6_IRQHandler
                0x0000000008002f28                TIM2_IRQHandler
                0x0000000008002f28                DMA2D_IRQHandler
                0x0000000008002f28                EXTI1_IRQHandler
                0x0000000008002f28                AES_IRQHandler
                0x0000000008002f28                USART2_IRQHandler
                0x0000000008002f28                DFSDM1_FLT0_IRQHandler
                0x0000000008002f28                I2C2_ER_IRQHandler
                0x0000000008002f28                DMA1_Channel2_IRQHandler
                0x0000000008002f28                TIM8_BRK_IRQHandler
                0x0000000008002f28                CAN1_SCE_IRQHandler
                0x0000000008002f28                FLASH_IRQHandler
                0x0000000008002f28                USART1_IRQHandler
                0x0000000008002f28                OTG_FS_IRQHandler
                0x0000000008002f28                SPI3_IRQHandler
                0x0000000008002f28                I2C1_ER_IRQHandler
                0x0000000008002f28                FMC_IRQHandler
                0x0000000008002f28                SWPMI1_IRQHandler
                0x0000000008002f28                LPTIM1_IRQHandler
                0x0000000008002f28                I2C4_ER_IRQHandler
                0x0000000008002f28                SAI1_IRQHandler
                0x0000000008002f28                DMA2_Channel3_IRQHandler
                0x0000000008002f28                TIM1_BRK_TIM15_IRQHandler
 *(.glue_7)
 .glue_7        0x0000000008002f2a        0x0 linker stubs
 *(.glue_7t)
 .glue_7t       0x0000000008002f2a        0x0 linker stubs
 *(.eh_frame)
 *fill*         0x0000000008002f2a        0x2 
 .eh_frame      0x0000000008002f2c        0x0 /usr/lib/gcc/arm-none-eabi/10.3.1/thumb/v7e-m+fp/hard/crtbegin.o
 *(.init)
 .init          0x0000000008002f2c        0x4 /usr/lib/gcc/arm-none-eabi/10.3.1/thumb/v7e-m+fp/hard/crti.o
                0x0000000008002f2c                _init
 .init          0x0000000008002f30        0x8 /usr/lib/gcc/arm-none-eabi/10.3.1/thumb/v7e-m+fp/hard/crtn.o
 *(.fini)
 .fini          0x0000000008002f38        0x4 /usr/lib/gcc/arm-none-eabi/10.3.1/thumb/v7e-m+fp/hard/crti.o
                0x0000000008002f38                _fini
 .fini          0x0000000008002f3c        0x8 /usr/lib/gcc/arm-none-eabi/10.3.1/thumb/v7e-m+fp/hard/crtn.o
                0x0000000008002f48                . = ALIGN (0x8)
 *fill*         0x0000000008002f44        0x4 
                0x0000000008002f48                _etext = .

.vfp11_veneer   0x0000000008002f48        0x0
 .vfp11_veneer  0x0000000008002f48        0x0 linker stubs

.v4_bx          0x0000000008002f48        0x0
 .v4_bx         0x0000000008002f48        0x0 linker stubs

.iplt           0x0000000008002f48        0x0
 .iplt          0x0000000008002f48        0x0 /usr/lib/gcc/arm-none-eabi/10.3.1/thumb/v7e-m+fp/hard/crtbegin.o

.rodata         0x0000000008002f48       0x48
                0x0000000008002f48                . = ALIGN (0x8)
 *(.rodata)
 *(.rodata*)
 .rodata.AHBPrescTable
                0x0000000008002f48       0x10 build/system_stm32l4xx.o
                0x0000000008002f48                AHBPrescTable
 .rodata.APBPrescTable
                0x0000000008002f58        0x8 build/system_stm32l4xx.o
                0x0000000008002f58                APBPrescTable
 .rodata.MSIRangeTable
                0x0000000008002f60       0x30 build/system_stm32l4xx.o
                0x0000000008002f60                MSIRangeTable
                0x0000000008002f90                . = ALIGN (0x8)

.ARM.extab      0x0000000008002f90        0x0
                0x0000000008002f90                . = ALIGN (0x8)
 *(.ARM.extab* .gnu.linkonce.armextab.*)
                0x0000000008002f90                . = ALIGN (0x8)

.ARM            0x0000000008002f90        0x8
                0x0000000008002f90                . = ALIGN (0x8)
                0x0000000008002f90                __exidx_start = .
 *(.ARM.exidx*)
 .ARM.exidx     0x0000000008002f90        0x8 /usr/lib/gcc/arm-none-eabi/10.3.1/thumb/v7e-m+fp/hard/libgcc.a(_udivmoddi4.o)
                0x0000000008002f98                __exidx_end = .
                0x0000000008002f98                . = ALIGN (0x8)

.rel.dyn        0x0000000008002f98        0x0
 .rel.iplt      0x0000000008002f98        0x0 /usr/lib/gcc/arm-none-eabi/10.3.1/thumb/v7e-m+fp/hard/crtbegin.o

.preinit_array  0x0000000008002f98        0x0
                0x0000000008002f98                . = ALIGN (0x8)
                0x0000000008002f98                PROVIDE (__preinit_array_start = .)
 *(.preinit_array*)
                0x0000000008002f98                PROVIDE (__preinit_array_end = .)
                0x0000000008002f98                . = ALIGN (0x8)

.init_array     0x0000000008002f98        0x8
                0x0000000008002f98                . = ALIGN (0x8)
                0x0000000008002f98                PROVIDE (__init_array_start = .)
 *(SORT_BY_NAME(.init_array.*))
 *(.init_array*)
 .init_array    0x0000000008002f98        0x4 /usr/lib/gcc/arm-none-eabi/10.3.1/thumb/v7e-m+fp/hard/crtbegin.o
                0x0000000008002f9c                PROVIDE (__init_array_end = .)
                0x0000000008002fa0                . = ALIGN (0x8)
 *fill*         0x0000000008002f9c        0x4 

.fini_array     0x0000000008002fa0        0x8
                0x0000000008002fa0                . = ALIGN (0x8)
                0x0000000008002fa0                PROVIDE (__fini_array_start = .)
 *(SORT_BY_NAME(.fini_array.*))
 *(.fini_array*)
 .fini_array    0x0000000008002fa0        0x4 /usr/lib/gcc/arm-none-eabi/10.3.1/thumb/v7e-m+fp/hard/crtbegin.o
                0x0000000008002fa4                PROVIDE (__fini_array_end = .)
                0x0000000008002fa8                . = ALIGN (0x8)
 *fill*         0x0000000008002fa4        0x4 
                0x0000000008002fa8                _sidata = LOADADDR (.data)

.data           0x0000000020000000       0x10 load address 0x0000000008002fa8
                0x0000000020000000                . = ALIGN (0x8)
                0x0000000020000000                _sdata = .
 *(.data)
 *(.data*)
 .data.period_ms
                0x0000000020000000        0x6 build/main.o
                0x0000000020000000                period_ms
 .data.uwTickFreq
                0x0000000020000006        0x1 build/stm32l4xx_hal.o
                0x0000000020000006                uwTickFreq
 *fill*         0x0000000020000007        0x1 
 .data.uwTickPrio
                0x0000000020000008        0x4 build/stm32l4xx_hal.o
                0x0000000020000008                uwTickPrio
 .data.SystemCoreClock
                0x000000002000000c        0x4 build/system_stm32l4xx.o
                0x000000002000000c                SystemCoreClock
                0x0000000020000010                . = ALIGN (0x8)
                0x0000000020000010                _edata = .

.tm_clone_table
                0x0000000020000010        0x0 load address 0x0000000008002fb8
 .tm_clone_table
                0x0000000020000010        0x0 /usr/lib/gcc/arm-none-eabi/10.3.1/thumb/v7e-m+fp/hard/crtbegin.o
 .tm_clone_table
                0x0000000020000010        0x0 /usr/lib/gcc/arm-none-eabi/10.3.1/thumb/v7e-m+fp/hard/crtend.o

.igot.plt       0x0000000020000010        0x0 load address 0x0000000008002fb8
 .igot.plt      0x0000000020000010        0x0 /usr/lib/gcc/arm-none-eabi/10.3.1/thumb/v7e-m+fp/hard/crtbegin.o
                0x0000000020000010                . = ALIGN (0x4)

.bss            0x0000000020000010      0x638 load address 0x0000000008002fb8
                0x0000000020000010                _sbss = .
                0x0000000020000010                __bss_start__ = _sbss
 *(.bss)
 .bss           0x0000000020000010       0x1c /usr/lib/gcc/arm-none-eabi/10.3.1/thumb/v7e-m+fp/hard/crtbegin.o
 *(.bss*)
 .bss.index_v   0x000000002000002c        0x1 build/main.o
                0x000000002000002c                index_v
 *fill*         0x000000002000002d        0x3 
 .bss.hlpuart1  0x0000000020000030       0x84 build/usart.o
                0x0000000020000030                hlpuart1
 .bss.huart2    0x00000000200000b4       0x84 build/usart.o
                0x00000000200000b4                huart2
 .bss.hpcd_USB_OTG_FS
                0x0000000020000138      0x50c build/usb_otg.o
                0x0000000020000138                hpcd_USB_OTG_FS
 .bss.uwTick    0x0000000020000644        0x4 build/stm32l4xx_hal.o
                0x0000000020000644                uwTick
 *(COMMON)
                0x0000000020000648                . = ALIGN (0x4)
                0x0000000020000648                _ebss = .
                0x0000000020000648                __bss_end__ = _ebss

._user_heap_stack
                0x0000000020000648      0x600 load address 0x0000000008002fb8
                0x0000000020000648                . = ALIGN (0x8)
                [!provide]                        PROVIDE (end = .)
                [!provide]                        PROVIDE (_end = .)
                0x0000000020000848                . = (. + _Min_Heap_Size)
 *fill*         0x0000000020000648      0x200 
                0x0000000020000c48                . = (. + _Min_Stack_Size)
 *fill*         0x0000000020000848      0x400 
                0x0000000020000c48                . = ALIGN (0x8)

/DISCARD/
 libc.a(*)
 libm.a(*)
 libgcc.a(*)

.ARM.attributes
                0x0000000000000000       0x30
 *(.ARM.attributes)
 .ARM.attributes
                0x0000000000000000       0x1e /usr/lib/gcc/arm-none-eabi/10.3.1/thumb/v7e-m+fp/hard/crti.o
 .ARM.attributes
                0x000000000000001e       0x34 /usr/lib/gcc/arm-none-eabi/10.3.1/thumb/v7e-m+fp/hard/crtbegin.o
 .ARM.attributes
                0x0000000000000052       0x34 build/main.o
 .ARM.attributes
                0x0000000000000086       0x34 build/gpio.o
 .ARM.attributes
                0x00000000000000ba       0x34 build/usart.o
 .ARM.attributes
                0x00000000000000ee       0x34 build/usb_otg.o
 .ARM.attributes
                0x0000000000000122       0x34 build/stm32l4xx_it.o
 .ARM.attributes
                0x0000000000000156       0x34 build/stm32l4xx_hal_msp.o
 .ARM.attributes
                0x000000000000018a       0x34 build/stm32l4xx_hal_uart.o
 .ARM.attributes
                0x00000000000001be       0x34 build/stm32l4xx_hal.o
 .ARM.attributes
                0x00000000000001f2       0x34 build/stm32l4xx_hal_rcc.o
 .ARM.attributes
                0x0000000000000226       0x34 build/stm32l4xx_hal_rcc_ex.o
 .ARM.attributes
                0x000000000000025a       0x34 build/stm32l4xx_hal_gpio.o
 .ARM.attributes
                0x000000000000028e       0x34 build/stm32l4xx_hal_pwr.o
 .ARM.attributes
                0x00000000000002c2       0x34 build/stm32l4xx_hal_pwr_ex.o
 .ARM.attributes
                0x00000000000002f6       0x34 build/stm32l4xx_hal_cortex.o
 .ARM.attributes
                0x000000000000032a       0x34 build/stm32l4xx_hal_pcd.o
 .ARM.attributes
                0x000000000000035e       0x34 build/stm32l4xx_hal_pcd_ex.o
 .ARM.attributes
                0x0000000000000392       0x34 build/stm32l4xx_ll_usb.o
 .ARM.attributes
                0x00000000000003c6       0x34 build/system_stm32l4xx.o
 .ARM.attributes
                0x00000000000003fa       0x34 build/stm32l4xx_ll_exti.o
 .ARM.attributes
                0x000000000000042e       0x34 build/stm32l4xx_ll_gpio.o
 .ARM.attributes
                0x0000000000000462       0x21 build/startup_stm32l4a6xx.o
 .ARM.attributes
                0x0000000000000483       0x34 /usr/lib/gcc/arm-none-eabi/10.3.1/../../../arm-none-eabi/lib/thumb/v7e-m+fp/hard/libc_nano.a(lib_a-init.o)
 .ARM.attributes
                0x00000000000004b7       0x34 /usr/lib/gcc/arm-none-eabi/10.3.1/../../../arm-none-eabi/lib/thumb/v7e-m+fp/hard/libc_nano.a(lib_a-memset.o)
 .ARM.attributes
                0x00000000000004eb       0x1e /usr/lib/gcc/arm-none-eabi/10.3.1/thumb/v7e-m+fp/hard/libgcc.a(_aeabi_uldivmod.o)
 .ARM.attributes
                0x0000000000000509       0x34 /usr/lib/gcc/arm-none-eabi/10.3.1/thumb/v7e-m+fp/hard/libgcc.a(_udivmoddi4.o)
 .ARM.attributes
                0x000000000000053d       0x1e /usr/lib/gcc/arm-none-eabi/10.3.1/thumb/v7e-m+fp/hard/libgcc.a(_dvmd_tls.o)
 .ARM.attributes
                0x000000000000055b       0x32 /usr/lib/gcc/arm-none-eabi/10.3.1/thumb/v7e-m+fp/hard/crtend.o
 .ARM.attributes
                0x000000000000058d       0x1e /usr/lib/gcc/arm-none-eabi/10.3.1/thumb/v7e-m+fp/hard/crtn.o
OUTPUT(build/hello_world_2.elf elf32-littlearm)
LOAD linker stubs
LOAD /usr/lib/gcc/arm-none-eabi/10.3.1/../../../arm-none-eabi/lib/thumb/v7e-m+fp/hard/libc.a
LOAD /usr/lib/gcc/arm-none-eabi/10.3.1/../../../arm-none-eabi/lib/thumb/v7e-m+fp/hard/libm.a
LOAD /usr/lib/gcc/arm-none-eabi/10.3.1/thumb/v7e-m+fp/hard/libgcc.a

.comment        0x0000000000000000       0x33
 .comment       0x0000000000000000       0x33 /usr/lib/gcc/arm-none-eabi/10.3.1/thumb/v7e-m+fp/hard/crtbegin.o
                                         0x34 (size before relaxing)
 .comment       0x0000000000000033       0x34 build/main.o
 .comment       0x0000000000000033       0x34 build/gpio.o
 .comment       0x0000000000000033       0x34 build/usart.o
 .comment       0x0000000000000033       0x34 build/usb_otg.o
 .comment       0x0000000000000033       0x34 build/stm32l4xx_it.o
 .comment       0x0000000000000033       0x34 build/stm32l4xx_hal_msp.o
 .comment       0x0000000000000033       0x34 build/stm32l4xx_hal_uart.o
 .comment       0x0000000000000033       0x34 build/stm32l4xx_hal.o
 .comment       0x0000000000000033       0x34 build/stm32l4xx_hal_rcc.o
 .comment       0x0000000000000033       0x34 build/stm32l4xx_hal_rcc_ex.o
 .comment       0x0000000000000033       0x34 build/stm32l4xx_hal_gpio.o
 .comment       0x0000000000000033       0x34 build/stm32l4xx_hal_pwr.o
 .comment       0x0000000000000033       0x34 build/stm32l4xx_hal_pwr_ex.o
 .comment       0x0000000000000033       0x34 build/stm32l4xx_hal_cortex.o
 .comment       0x0000000000000033       0x34 build/stm32l4xx_hal_pcd.o
 .comment       0x0000000000000033       0x34 build/stm32l4xx_hal_pcd_ex.o
 .comment       0x0000000000000033       0x34 build/stm32l4xx_ll_usb.o
 .comment       0x0000000000000033       0x34 build/system_stm32l4xx.o
 .comment       0x0000000000000033       0x34 build/stm32l4xx_ll_exti.o
 .comment       0x0000000000000033       0x34 build/stm32l4xx_ll_gpio.o
 .comment       0x0000000000000033       0x34 /usr/lib/gcc/arm-none-eabi/10.3.1/../../../arm-none-eabi/lib/thumb/v7e-m+fp/hard/libc_nano.a(lib_a-init.o)
 .comment       0x0000000000000033       0x34 /usr/lib/gcc/arm-none-eabi/10.3.1/../../../arm-none-eabi/lib/thumb/v7e-m+fp/hard/libc_nano.a(lib_a-memset.o)
 .comment       0x0000000000000033       0x34 /usr/lib/gcc/arm-none-eabi/10.3.1/thumb/v7e-m+fp/hard/libgcc.a(_udivmoddi4.o)
 .comment       0x0000000000000033       0x34 /usr/lib/gcc/arm-none-eabi/10.3.1/thumb/v7e-m+fp/hard/crtend.o

.debug_info     0x0000000000000000    0x1723a
 .debug_info    0x0000000000000000      0xa5b build/main.o
 .debug_info    0x0000000000000a5b     0x14a0 build/gpio.o
 .debug_info    0x0000000000001efb     0x1222 build/usart.o
 .debug_info    0x000000000000311d      0xf7e build/usb_otg.o
 .debug_info    0x000000000000409b      0x378 build/stm32l4xx_it.o
 .debug_info    0x0000000000004413      0x3af build/stm32l4xx_hal_msp.o
 .debug_info    0x00000000000047c2     0x53cf build/stm32l4xx_hal_uart.o
 .debug_info    0x0000000000009b91      0xd42 build/stm32l4xx_hal.o
 .debug_info    0x000000000000a8d3     0x10be build/stm32l4xx_hal_rcc.o
 .debug_info    0x000000000000b991     0x1729 build/stm32l4xx_hal_rcc_ex.o
 .debug_info    0x000000000000d0ba      0x925 build/stm32l4xx_hal_gpio.o
 .debug_info    0x000000000000d9df      0xad0 build/stm32l4xx_hal_pwr.o
 .debug_info    0x000000000000e4af      0xba6 build/stm32l4xx_hal_pwr_ex.o
 .debug_info    0x000000000000f055     0x1192 build/stm32l4xx_hal_cortex.o
 .debug_info    0x00000000000101e7     0x1c33 build/stm32l4xx_hal_pcd.o
 .debug_info    0x0000000000011e1a      0xae0 build/stm32l4xx_hal_pcd_ex.o
 .debug_info    0x00000000000128fa     0x211c build/stm32l4xx_ll_usb.o
 .debug_info    0x0000000000014a16      0x67b build/system_stm32l4xx.o
 .debug_info    0x0000000000015091      0x8c2 build/stm32l4xx_ll_exti.o
 .debug_info    0x0000000000015953      0xf11 build/stm32l4xx_ll_gpio.o
 .debug_info    0x0000000000016864       0x22 build/startup_stm32l4a6xx.o
 .debug_info    0x0000000000016886      0x11a /usr/lib/gcc/arm-none-eabi/10.3.1/../../../arm-none-eabi/lib/thumb/v7e-m+fp/hard/libc_nano.a(lib_a-init.o)
 .debug_info    0x00000000000169a0      0x137 /usr/lib/gcc/arm-none-eabi/10.3.1/../../../arm-none-eabi/lib/thumb/v7e-m+fp/hard/libc_nano.a(lib_a-memset.o)
 .debug_info    0x0000000000016ad7       0x26 /usr/lib/gcc/arm-none-eabi/10.3.1/thumb/v7e-m+fp/hard/libgcc.a(_aeabi_uldivmod.o)
 .debug_info    0x0000000000016afd      0x717 /usr/lib/gcc/arm-none-eabi/10.3.1/thumb/v7e-m+fp/hard/libgcc.a(_udivmoddi4.o)
 .debug_info    0x0000000000017214       0x26 /usr/lib/gcc/arm-none-eabi/10.3.1/thumb/v7e-m+fp/hard/libgcc.a(_dvmd_tls.o)

.debug_abbrev   0x0000000000000000     0x30f1
 .debug_abbrev  0x0000000000000000      0x28e build/main.o
 .debug_abbrev  0x000000000000028e      0x2cc build/gpio.o
 .debug_abbrev  0x000000000000055a      0x228 build/usart.o
 .debug_abbrev  0x0000000000000782      0x1f3 build/usb_otg.o
 .debug_abbrev  0x0000000000000975      0x195 build/stm32l4xx_it.o
 .debug_abbrev  0x0000000000000b0a       0xeb build/stm32l4xx_hal_msp.o
 .debug_abbrev  0x0000000000000bf5      0x316 build/stm32l4xx_hal_uart.o
 .debug_abbrev  0x0000000000000f0b      0x249 build/stm32l4xx_hal.o
 .debug_abbrev  0x0000000000001154      0x28e build/stm32l4xx_hal_rcc.o
 .debug_abbrev  0x00000000000013e2      0x294 build/stm32l4xx_hal_rcc_ex.o
 .debug_abbrev  0x0000000000001676      0x222 build/stm32l4xx_hal_gpio.o
 .debug_abbrev  0x0000000000001898      0x1a6 build/stm32l4xx_hal_pwr.o
 .debug_abbrev  0x0000000000001a3e      0x234 build/stm32l4xx_hal_pwr_ex.o
 .debug_abbrev  0x0000000000001c72      0x382 build/stm32l4xx_hal_cortex.o
 .debug_abbrev  0x0000000000001ff4      0x2c2 build/stm32l4xx_hal_pcd.o
 .debug_abbrev  0x00000000000022b6      0x26c build/stm32l4xx_hal_pcd_ex.o
 .debug_abbrev  0x0000000000002522      0x2f9 build/stm32l4xx_ll_usb.o
 .debug_abbrev  0x000000000000281b      0x11b build/system_stm32l4xx.o
 .debug_abbrev  0x0000000000002936      0x1d9 build/stm32l4xx_ll_exti.o
 .debug_abbrev  0x0000000000002b0f      0x2c5 build/stm32l4xx_ll_gpio.o
 .debug_abbrev  0x0000000000002dd4       0x12 build/startup_stm32l4a6xx.o
 .debug_abbrev  0x0000000000002de6       0xcc /usr/lib/gcc/arm-none-eabi/10.3.1/../../../arm-none-eabi/lib/thumb/v7e-m+fp/hard/libc_nano.a(lib_a-init.o)
 .debug_abbrev  0x0000000000002eb2       0xb4 /usr/lib/gcc/arm-none-eabi/10.3.1/../../../arm-none-eabi/lib/thumb/v7e-m+fp/hard/libc_nano.a(lib_a-memset.o)
 .debug_abbrev  0x0000000000002f66       0x14 /usr/lib/gcc/arm-none-eabi/10.3.1/thumb/v7e-m+fp/hard/libgcc.a(_aeabi_uldivmod.o)
 .debug_abbrev  0x0000000000002f7a      0x163 /usr/lib/gcc/arm-none-eabi/10.3.1/thumb/v7e-m+fp/hard/libgcc.a(_udivmoddi4.o)
 .debug_abbrev  0x00000000000030dd       0x14 /usr/lib/gcc/arm-none-eabi/10.3.1/thumb/v7e-m+fp/hard/libgcc.a(_dvmd_tls.o)

.debug_loc      0x0000000000000000    0x105c5
 .debug_loc     0x0000000000000000      0x23a build/main.o
 .debug_loc     0x000000000000023a      0x416 build/gpio.o
 .debug_loc     0x0000000000000650      0x127 build/usart.o
 .debug_loc     0x0000000000000777      0x13b build/usb_otg.o
 .debug_loc     0x00000000000008b2       0x70 build/stm32l4xx_it.o
 .debug_loc     0x0000000000000922       0x2c build/stm32l4xx_hal_msp.o
 .debug_loc     0x000000000000094e     0x52ef build/stm32l4xx_hal_uart.o
 .debug_loc     0x0000000000005c3d      0x2af build/stm32l4xx_hal.o
 .debug_loc     0x0000000000005eec      0x9e0 build/stm32l4xx_hal_rcc.o
 .debug_loc     0x00000000000068cc     0x20e1 build/stm32l4xx_hal_rcc_ex.o
 .debug_loc     0x00000000000089ad      0x46f build/stm32l4xx_hal_gpio.o
 .debug_loc     0x0000000000008e1c      0x1f1 build/stm32l4xx_hal_pwr.o
 .debug_loc     0x000000000000900d      0xc4e build/stm32l4xx_hal_pwr_ex.o
 .debug_loc     0x0000000000009c5b      0x7a4 build/stm32l4xx_hal_cortex.o
 .debug_loc     0x000000000000a3ff     0x15f8 build/stm32l4xx_hal_pcd.o
 .debug_loc     0x000000000000b9f7      0x28e build/stm32l4xx_hal_pcd_ex.o
 .debug_loc     0x000000000000bc85     0x275f build/stm32l4xx_ll_usb.o
 .debug_loc     0x000000000000e3e4      0x127 build/system_stm32l4xx.o
 .debug_loc     0x000000000000e50b      0x4cb build/stm32l4xx_ll_exti.o
 .debug_loc     0x000000000000e9d6      0x8fa build/stm32l4xx_ll_gpio.o
 .debug_loc     0x000000000000f2d0       0xba /usr/lib/gcc/arm-none-eabi/10.3.1/../../../arm-none-eabi/lib/thumb/v7e-m+fp/hard/libc_nano.a(lib_a-init.o)
 .debug_loc     0x000000000000f38a      0x22c /usr/lib/gcc/arm-none-eabi/10.3.1/../../../arm-none-eabi/lib/thumb/v7e-m+fp/hard/libc_nano.a(lib_a-memset.o)
 .debug_loc     0x000000000000f5b6     0x100f /usr/lib/gcc/arm-none-eabi/10.3.1/thumb/v7e-m+fp/hard/libgcc.a(_udivmoddi4.o)

.debug_aranges  0x0000000000000000      0xda8
 .debug_aranges
                0x0000000000000000       0x38 build/main.o
 .debug_aranges
                0x0000000000000038       0x20 build/gpio.o
 .debug_aranges
                0x0000000000000058       0x38 build/usart.o
 .debug_aranges
                0x0000000000000090       0x30 build/usb_otg.o
 .debug_aranges
                0x00000000000000c0       0x68 build/stm32l4xx_it.o
 .debug_aranges
                0x0000000000000128       0x20 build/stm32l4xx_hal_msp.o
 .debug_aranges
                0x0000000000000148      0x228 build/stm32l4xx_hal_uart.o
 .debug_aranges
                0x0000000000000370      0x130 build/stm32l4xx_hal.o
 .debug_aranges
                0x00000000000004a0       0x90 build/stm32l4xx_hal_rcc.o
 .debug_aranges
                0x0000000000000530      0x108 build/stm32l4xx_hal_rcc_ex.o
 .debug_aranges
                0x0000000000000638       0x58 build/stm32l4xx_hal_gpio.o
 .debug_aranges
                0x0000000000000690       0x98 build/stm32l4xx_hal_pwr.o
 .debug_aranges
                0x0000000000000728      0x150 build/stm32l4xx_hal_pwr_ex.o
 .debug_aranges
                0x0000000000000878       0xa8 build/stm32l4xx_hal_cortex.o
 .debug_aranges
                0x0000000000000920      0x138 build/stm32l4xx_hal_pcd.o
 .debug_aranges
                0x0000000000000a58       0x60 build/stm32l4xx_hal_pcd_ex.o
 .debug_aranges
                0x0000000000000ab8      0x1a0 build/stm32l4xx_ll_usb.o
 .debug_aranges
                0x0000000000000c58       0x28 build/system_stm32l4xx.o
 .debug_aranges
                0x0000000000000c80       0x30 build/stm32l4xx_ll_exti.o
 .debug_aranges
                0x0000000000000cb0       0x30 build/stm32l4xx_ll_gpio.o
 .debug_aranges
                0x0000000000000ce0       0x28 build/startup_stm32l4a6xx.o
 .debug_aranges
                0x0000000000000d08       0x20 /usr/lib/gcc/arm-none-eabi/10.3.1/../../../arm-none-eabi/lib/thumb/v7e-m+fp/hard/libc_nano.a(lib_a-init.o)
 .debug_aranges
                0x0000000000000d28       0x20 /usr/lib/gcc/arm-none-eabi/10.3.1/../../../arm-none-eabi/lib/thumb/v7e-m+fp/hard/libc_nano.a(lib_a-memset.o)
 .debug_aranges
                0x0000000000000d48       0x20 /usr/lib/gcc/arm-none-eabi/10.3.1/thumb/v7e-m+fp/hard/libgcc.a(_aeabi_uldivmod.o)
 .debug_aranges
                0x0000000000000d68       0x20 /usr/lib/gcc/arm-none-eabi/10.3.1/thumb/v7e-m+fp/hard/libgcc.a(_udivmoddi4.o)
 .debug_aranges
                0x0000000000000d88       0x20 /usr/lib/gcc/arm-none-eabi/10.3.1/thumb/v7e-m+fp/hard/libgcc.a(_dvmd_tls.o)

.debug_ranges   0x0000000000000000     0x1060
 .debug_ranges  0x0000000000000000       0x28 build/main.o
 .debug_ranges  0x0000000000000028       0xb0 build/gpio.o
 .debug_ranges  0x00000000000000d8       0x28 build/usart.o
 .debug_ranges  0x0000000000000100       0x20 build/usb_otg.o
 .debug_ranges  0x0000000000000120       0x58 build/stm32l4xx_it.o
 .debug_ranges  0x0000000000000178       0x10 build/stm32l4xx_hal_msp.o
 .debug_ranges  0x0000000000000188      0x230 build/stm32l4xx_hal_uart.o
 .debug_ranges  0x00000000000003b8      0x120 build/stm32l4xx_hal.o
 .debug_ranges  0x00000000000004d8       0x98 build/stm32l4xx_hal_rcc.o
 .debug_ranges  0x0000000000000570      0x110 build/stm32l4xx_hal_rcc_ex.o
 .debug_ranges  0x0000000000000680       0x48 build/stm32l4xx_hal_gpio.o
 .debug_ranges  0x00000000000006c8       0x88 build/stm32l4xx_hal_pwr.o
 .debug_ranges  0x0000000000000750      0x140 build/stm32l4xx_hal_pwr_ex.o
 .debug_ranges  0x0000000000000890       0xf8 build/stm32l4xx_hal_cortex.o
 .debug_ranges  0x0000000000000988      0x128 build/stm32l4xx_hal_pcd.o
 .debug_ranges  0x0000000000000ab0       0x50 build/stm32l4xx_hal_pcd_ex.o
 .debug_ranges  0x0000000000000b00      0x190 build/stm32l4xx_ll_usb.o
 .debug_ranges  0x0000000000000c90       0x18 build/system_stm32l4xx.o
 .debug_ranges  0x0000000000000ca8       0x68 build/stm32l4xx_ll_exti.o
 .debug_ranges  0x0000000000000d10      0x248 build/stm32l4xx_ll_gpio.o
 .debug_ranges  0x0000000000000f58       0x20 build/startup_stm32l4a6xx.o
 .debug_ranges  0x0000000000000f78       0xe8 /usr/lib/gcc/arm-none-eabi/10.3.1/thumb/v7e-m+fp/hard/libgcc.a(_udivmoddi4.o)

.debug_line     0x0000000000000000     0xf9f8
 .debug_line    0x0000000000000000      0x4f8 build/main.o
 .debug_line    0x00000000000004f8      0x50e build/gpio.o
 .debug_line    0x0000000000000a06      0x3c8 build/usart.o
 .debug_line    0x0000000000000dce      0x375 build/usb_otg.o
 .debug_line    0x0000000000001143      0x27d build/stm32l4xx_it.o
 .debug_line    0x00000000000013c0      0x111 build/stm32l4xx_hal_msp.o
 .debug_line    0x00000000000014d1     0x51e8 build/stm32l4xx_hal_uart.o
 .debug_line    0x00000000000066b9      0x615 build/stm32l4xx_hal.o
 .debug_line    0x0000000000006cce      0xeda build/stm32l4xx_hal_rcc.o
 .debug_line    0x0000000000007ba8     0x1852 build/stm32l4xx_hal_rcc_ex.o
 .debug_line    0x00000000000093fa      0x610 build/stm32l4xx_hal_gpio.o
 .debug_line    0x0000000000009a0a      0x397 build/stm32l4xx_hal_pwr.o
 .debug_line    0x0000000000009da1      0xa73 build/stm32l4xx_hal_pwr_ex.o
 .debug_line    0x000000000000a814      0x6f0 build/stm32l4xx_hal_cortex.o
 .debug_line    0x000000000000af04     0x1346 build/stm32l4xx_hal_pcd.o
 .debug_line    0x000000000000c24a      0x40f build/stm32l4xx_hal_pcd_ex.o
 .debug_line    0x000000000000c659     0x1b46 build/stm32l4xx_ll_usb.o
 .debug_line    0x000000000000e19f      0x212 build/system_stm32l4xx.o
 .debug_line    0x000000000000e3b1      0x4e2 build/stm32l4xx_ll_exti.o
 .debug_line    0x000000000000e893      0x78a build/stm32l4xx_ll_gpio.o
 .debug_line    0x000000000000f01d       0x76 build/startup_stm32l4a6xx.o
 .debug_line    0x000000000000f093      0x138 /usr/lib/gcc/arm-none-eabi/10.3.1/../../../arm-none-eabi/lib/thumb/v7e-m+fp/hard/libc_nano.a(lib_a-init.o)
 .debug_line    0x000000000000f1cb      0x1bf /usr/lib/gcc/arm-none-eabi/10.3.1/../../../arm-none-eabi/lib/thumb/v7e-m+fp/hard/libc_nano.a(lib_a-memset.o)
 .debug_line    0x000000000000f38a       0x60 /usr/lib/gcc/arm-none-eabi/10.3.1/thumb/v7e-m+fp/hard/libgcc.a(_aeabi_uldivmod.o)
 .debug_line    0x000000000000f3ea      0x5ae /usr/lib/gcc/arm-none-eabi/10.3.1/thumb/v7e-m+fp/hard/libgcc.a(_udivmoddi4.o)
 .debug_line    0x000000000000f998       0x60 /usr/lib/gcc/arm-none-eabi/10.3.1/thumb/v7e-m+fp/hard/libgcc.a(_dvmd_tls.o)

.debug_str      0x0000000000000000     0x52dd
 .debug_str     0x0000000000000000      0x5f4 build/main.o
                                        0x639 (size before relaxing)
 .debug_str     0x00000000000005f4      0x89f build/gpio.o
                                        0xc33 (size before relaxing)
 .debug_str     0x0000000000000e93      0x6c3 build/usart.o
                                        0xb8b (size before relaxing)
 .debug_str     0x0000000000001556      0x424 build/usb_otg.o
                                        0xb37 (size before relaxing)
 .debug_str     0x000000000000197a      0x14d build/stm32l4xx_it.o
                                        0x30f (size before relaxing)
 .debug_str     0x0000000000001ac7       0x2c build/stm32l4xx_hal_msp.o
                                        0x31c (size before relaxing)
 .debug_str     0x0000000000001af3      0x86d build/stm32l4xx_hal_uart.o
                                        0xfc5 (size before relaxing)
 .debug_str     0x0000000000002360      0x466 build/stm32l4xx_hal.o
                                        0xd6a (size before relaxing)
 .debug_str     0x00000000000027c6      0x258 build/stm32l4xx_hal_rcc.o
                                        0x887 (size before relaxing)
 .debug_str     0x0000000000002a1e      0x4a8 build/stm32l4xx_hal_rcc_ex.o
                                        0xcd2 (size before relaxing)
 .debug_str     0x0000000000002ec6      0x100 build/stm32l4xx_hal_gpio.o
                                        0x52f (size before relaxing)
 .debug_str     0x0000000000002fc6      0x241 build/stm32l4xx_hal_pwr.o
                                        0x6a9 (size before relaxing)
 .debug_str     0x0000000000003207      0x3eb build/stm32l4xx_hal_pwr_ex.o
                                        0x802 (size before relaxing)
 .debug_str     0x00000000000035f2      0x373 build/stm32l4xx_hal_cortex.o
                                        0xc75 (size before relaxing)
 .debug_str     0x0000000000003965      0x7b6 build/stm32l4xx_hal_pcd.o
                                        0xdb4 (size before relaxing)
 .debug_str     0x000000000000411b      0x1af build/stm32l4xx_hal_pcd_ex.o
                                        0x7e2 (size before relaxing)
 .debug_str     0x00000000000042ca      0x459 build/stm32l4xx_ll_usb.o
                                        0xcc9 (size before relaxing)
 .debug_str     0x0000000000004723       0x40 build/system_stm32l4xx.o
                                        0x3c8 (size before relaxing)
 .debug_str     0x0000000000004763      0x222 build/stm32l4xx_ll_exti.o
                                        0x491 (size before relaxing)
 .debug_str     0x0000000000004985      0x102 build/stm32l4xx_ll_gpio.o
                                        0x4cb (size before relaxing)
 .debug_str     0x0000000000004a87       0x22 build/startup_stm32l4a6xx.o
                                         0x5c (size before relaxing)
 .debug_str     0x0000000000004aa9      0x170 /usr/lib/gcc/arm-none-eabi/10.3.1/../../../arm-none-eabi/lib/thumb/v7e-m+fp/hard/libc_nano.a(lib_a-init.o)
                                        0x20b (size before relaxing)
 .debug_str     0x0000000000004c19       0xaa /usr/lib/gcc/arm-none-eabi/10.3.1/../../../arm-none-eabi/lib/thumb/v7e-m+fp/hard/libc_nano.a(lib_a-memset.o)
                                        0x1c0 (size before relaxing)
 .debug_str     0x0000000000004cc3       0xa6 /usr/lib/gcc/arm-none-eabi/10.3.1/thumb/v7e-m+fp/hard/libgcc.a(_aeabi_uldivmod.o)
 .debug_str     0x0000000000004d69      0x544 /usr/lib/gcc/arm-none-eabi/10.3.1/thumb/v7e-m+fp/hard/libgcc.a(_udivmoddi4.o)
                                        0x647 (size before relaxing)
 .debug_str     0x00000000000052ad       0x30 /usr/lib/gcc/arm-none-eabi/10.3.1/thumb/v7e-m+fp/hard/libgcc.a(_dvmd_tls.o)
                                         0xaa (size before relaxing)

.debug_frame    0x0000000000000000     0x1f44
 .debug_frame   0x0000000000000000       0x68 build/main.o
 .debug_frame   0x0000000000000068       0x38 build/gpio.o
 .debug_frame   0x00000000000000a0       0x7c build/usart.o
 .debug_frame   0x000000000000011c       0x6c build/usb_otg.o
 .debug_frame   0x0000000000000188       0xc0 build/stm32l4xx_it.o
 .debug_frame   0x0000000000000248       0x28 build/stm32l4xx_hal_msp.o
 .debug_frame   0x0000000000000270      0x600 build/stm32l4xx_hal_uart.o
 .debug_frame   0x0000000000000870      0x274 build/stm32l4xx_hal.o
 .debug_frame   0x0000000000000ae4      0x19c build/stm32l4xx_hal_rcc.o
 .debug_frame   0x0000000000000c80      0x2c0 build/stm32l4xx_hal_rcc_ex.o
 .debug_frame   0x0000000000000f40       0xd0 build/stm32l4xx_hal_gpio.o
 .debug_frame   0x0000000000001010      0x120 build/stm32l4xx_hal_pwr.o
 .debug_frame   0x0000000000001130      0x298 build/stm32l4xx_hal_pwr_ex.o
 .debug_frame   0x00000000000013c8      0x148 build/stm32l4xx_hal_cortex.o
 .debug_frame   0x0000000000001510      0x35c build/stm32l4xx_hal_pcd.o
 .debug_frame   0x000000000000186c       0xb8 build/stm32l4xx_hal_pcd_ex.o
 .debug_frame   0x0000000000001924      0x490 build/stm32l4xx_ll_usb.o
 .debug_frame   0x0000000000001db4       0x30 build/system_stm32l4xx.o
 .debug_frame   0x0000000000001de4       0x54 build/stm32l4xx_ll_exti.o
 .debug_frame   0x0000000000001e38       0x54 build/stm32l4xx_ll_gpio.o
 .debug_frame   0x0000000000001e8c       0x2c /usr/lib/gcc/arm-none-eabi/10.3.1/../../../arm-none-eabi/lib/thumb/v7e-m+fp/hard/libc_nano.a(lib_a-init.o)
 .debug_frame   0x0000000000001eb8       0x2c /usr/lib/gcc/arm-none-eabi/10.3.1/../../../arm-none-eabi/lib/thumb/v7e-m+fp/hard/libc_nano.a(lib_a-memset.o)
 .debug_frame   0x0000000000001ee4       0x2c /usr/lib/gcc/arm-none-eabi/10.3.1/thumb/v7e-m+fp/hard/libgcc.a(_aeabi_uldivmod.o)
 .debug_frame   0x0000000000001f10       0x34 /usr/lib/gcc/arm-none-eabi/10.3.1/thumb/v7e-m+fp/hard/libgcc.a(_udivmoddi4.o)

Cross Reference Table

Symbol                                            File
ADC1_2_IRQHandler                                 build/startup_stm32l4a6xx.o
ADC3_IRQHandler                                   build/startup_stm32l4a6xx.o
AES_IRQHandler                                    build/startup_stm32l4a6xx.o
AHBPrescTable                                     build/system_stm32l4xx.o
                                                  build/stm32l4xx_ll_utils.o
                                                  build/stm32l4xx_hal_rcc.o
APBPrescTable                                     build/system_stm32l4xx.o
                                                  build/stm32l4xx_hal_rcc.o
BusFault_Handler                                  build/stm32l4xx_it.o
CAN1_RX0_IRQHandler                               build/startup_stm32l4a6xx.o
CAN1_RX1_IRQHandler                               build/startup_stm32l4a6xx.o
CAN1_SCE_IRQHandler                               build/startup_stm32l4a6xx.o
CAN1_TX_IRQHandler                                build/startup_stm32l4a6xx.o
CAN2_RX0_IRQHandler                               build/startup_stm32l4a6xx.o
CAN2_RX1_IRQHandler                               build/startup_stm32l4a6xx.o
CAN2_SCE_IRQHandler                               build/startup_stm32l4a6xx.o
CAN2_TX_IRQHandler                                build/startup_stm32l4a6xx.o
COMP_IRQHandler                                   build/startup_stm32l4a6xx.o
CRS_IRQHandler                                    build/startup_stm32l4a6xx.o
DCMI_IRQHandler                                   build/startup_stm32l4a6xx.o
DFSDM1_FLT0_IRQHandler                            build/startup_stm32l4a6xx.o
DFSDM1_FLT1_IRQHandler                            build/startup_stm32l4a6xx.o
DFSDM1_FLT2_IRQHandler                            build/startup_stm32l4a6xx.o
DFSDM1_FLT3_IRQHandler                            build/startup_stm32l4a6xx.o
DMA1_Channel1_IRQHandler                          build/startup_stm32l4a6xx.o
DMA1_Channel2_IRQHandler                          build/startup_stm32l4a6xx.o
DMA1_Channel3_IRQHandler                          build/startup_stm32l4a6xx.o
DMA1_Channel4_IRQHandler                          build/startup_stm32l4a6xx.o
DMA1_Channel5_IRQHandler                          build/startup_stm32l4a6xx.o
DMA1_Channel6_IRQHandler                          build/startup_stm32l4a6xx.o
DMA1_Channel7_IRQHandler                          build/startup_stm32l4a6xx.o
DMA2D_IRQHandler                                  build/startup_stm32l4a6xx.o
DMA2_Channel1_IRQHandler                          build/startup_stm32l4a6xx.o
DMA2_Channel2_IRQHandler                          build/startup_stm32l4a6xx.o
DMA2_Channel3_IRQHandler                          build/startup_stm32l4a6xx.o
DMA2_Channel4_IRQHandler                          build/startup_stm32l4a6xx.o
DMA2_Channel5_IRQHandler                          build/startup_stm32l4a6xx.o
DMA2_Channel6_IRQHandler                          build/startup_stm32l4a6xx.o
DMA2_Channel7_IRQHandler                          build/startup_stm32l4a6xx.o
DebugMon_Handler                                  build/stm32l4xx_it.o
Default_Handler                                   build/startup_stm32l4a6xx.o
EXTI0_IRQHandler                                  build/startup_stm32l4a6xx.o
EXTI15_10_IRQHandler                              build/stm32l4xx_it.o
EXTI1_IRQHandler                                  build/startup_stm32l4a6xx.o
EXTI2_IRQHandler                                  build/startup_stm32l4a6xx.o
EXTI3_IRQHandler                                  build/startup_stm32l4a6xx.o
EXTI4_IRQHandler                                  build/startup_stm32l4a6xx.o
EXTI9_5_IRQHandler                                build/startup_stm32l4a6xx.o
Error_Handler                                     build/main.o
                                                  build/usb_otg.o
                                                  build/usart.o
FLASH_FlushCaches                                 build/stm32l4xx_hal_flash_ex.o
                                                  build/stm32l4xx_hal_flash.o
FLASH_IRQHandler                                  build/startup_stm32l4a6xx.o
FLASH_PageErase                                   build/stm32l4xx_hal_flash_ex.o
                                                  build/stm32l4xx_hal_flash.o
FLASH_WaitForLastOperation                        build/stm32l4xx_hal_flash.o
                                                  build/stm32l4xx_hal_flash_ex.o
FMC_IRQHandler                                    build/startup_stm32l4a6xx.o
FPU_IRQHandler                                    build/startup_stm32l4a6xx.o
HAL_DBGMCU_DisableDBGSleepMode                    build/stm32l4xx_hal.o
HAL_DBGMCU_DisableDBGStandbyMode                  build/stm32l4xx_hal.o
HAL_DBGMCU_DisableDBGStopMode                     build/stm32l4xx_hal.o
HAL_DBGMCU_EnableDBGSleepMode                     build/stm32l4xx_hal.o
HAL_DBGMCU_EnableDBGStandbyMode                   build/stm32l4xx_hal.o
HAL_DBGMCU_EnableDBGStopMode                      build/stm32l4xx_hal.o
HAL_DMA_Abort                                     build/stm32l4xx_hal_dma.o
                                                  build/stm32l4xx_hal_uart.o
HAL_DMA_Abort_IT                                  build/stm32l4xx_hal_dma.o
                                                  build/stm32l4xx_hal_i2c.o
                                                  build/stm32l4xx_hal_uart.o
HAL_DMA_DeInit                                    build/stm32l4xx_hal_dma.o
HAL_DMA_GetError                                  build/stm32l4xx_hal_dma.o
                                                  build/stm32l4xx_hal_uart.o
HAL_DMA_GetState                                  build/stm32l4xx_hal_dma.o
                                                  build/stm32l4xx_hal_i2c.o
HAL_DMA_IRQHandler                                build/stm32l4xx_hal_dma.o
HAL_DMA_Init                                      build/stm32l4xx_hal_dma.o
HAL_DMA_PollForTransfer                           build/stm32l4xx_hal_dma.o
HAL_DMA_RegisterCallback                          build/stm32l4xx_hal_dma.o
HAL_DMA_Start                                     build/stm32l4xx_hal_dma.o
HAL_DMA_Start_IT                                  build/stm32l4xx_hal_dma.o
                                                  build/stm32l4xx_hal_i2c.o
                                                  build/stm32l4xx_hal_uart.o
HAL_DMA_UnRegisterCallback                        build/stm32l4xx_hal_dma.o
HAL_DeInit                                        build/stm32l4xx_hal.o
HAL_Delay                                         build/stm32l4xx_hal.o
                                                  build/stm32l4xx_ll_usb.o
                                                  build/stm32l4xx_hal_pcd_ex.o
                                                  build/main.o
HAL_EXTI_ClearConfigLine                          build/stm32l4xx_hal_exti.o
HAL_EXTI_ClearPending                             build/stm32l4xx_hal_exti.o
HAL_EXTI_GenerateSWI                              build/stm32l4xx_hal_exti.o
HAL_EXTI_GetConfigLine                            build/stm32l4xx_hal_exti.o
HAL_EXTI_GetHandle                                build/stm32l4xx_hal_exti.o
HAL_EXTI_GetPending                               build/stm32l4xx_hal_exti.o
HAL_EXTI_IRQHandler                               build/stm32l4xx_hal_exti.o
HAL_EXTI_RegisterCallback                         build/stm32l4xx_hal_exti.o
HAL_EXTI_SetConfigLine                            build/stm32l4xx_hal_exti.o
HAL_FLASHEx_DisableRunPowerDown                   build/stm32l4xx_hal_flash_ramfunc.o
HAL_FLASHEx_EnableRunPowerDown                    build/stm32l4xx_hal_flash_ramfunc.o
HAL_FLASHEx_Erase                                 build/stm32l4xx_hal_flash_ex.o
HAL_FLASHEx_Erase_IT                              build/stm32l4xx_hal_flash_ex.o
HAL_FLASHEx_OBGetConfig                           build/stm32l4xx_hal_flash_ex.o
HAL_FLASHEx_OBProgram                             build/stm32l4xx_hal_flash_ex.o
HAL_FLASH_EndOfOperationCallback                  build/stm32l4xx_hal_flash.o
HAL_FLASH_GetError                                build/stm32l4xx_hal_flash.o
HAL_FLASH_IRQHandler                              build/stm32l4xx_hal_flash.o
HAL_FLASH_Lock                                    build/stm32l4xx_hal_flash.o
HAL_FLASH_OB_Launch                               build/stm32l4xx_hal_flash.o
HAL_FLASH_OB_Lock                                 build/stm32l4xx_hal_flash.o
HAL_FLASH_OB_Unlock                               build/stm32l4xx_hal_flash.o
HAL_FLASH_OperationErrorCallback                  build/stm32l4xx_hal_flash.o
HAL_FLASH_Program                                 build/stm32l4xx_hal_flash.o
HAL_FLASH_Program_IT                              build/stm32l4xx_hal_flash.o
HAL_FLASH_Unlock                                  build/stm32l4xx_hal_flash.o
HAL_GPIO_DeInit                                   build/stm32l4xx_hal_gpio.o
                                                  build/usb_otg.o
                                                  build/usart.o
HAL_GPIO_EXTI_Callback                            build/stm32l4xx_hal_gpio.o
HAL_GPIO_EXTI_IRQHandler                          build/stm32l4xx_hal_gpio.o
HAL_GPIO_Init                                     build/stm32l4xx_hal_gpio.o
                                                  build/stm32l4xx_hal_rcc_ex.o
                                                  build/stm32l4xx_hal_rcc.o
                                                  build/usb_otg.o
                                                  build/usart.o
HAL_GPIO_LockPin                                  build/stm32l4xx_hal_gpio.o
HAL_GPIO_ReadPin                                  build/stm32l4xx_hal_gpio.o
HAL_GPIO_TogglePin                                build/stm32l4xx_hal_gpio.o
HAL_GPIO_WritePin                                 build/stm32l4xx_hal_gpio.o
HAL_GetDEVID                                      build/stm32l4xx_hal.o
HAL_GetHalVersion                                 build/stm32l4xx_hal.o
HAL_GetREVID                                      build/stm32l4xx_hal.o
HAL_GetTick                                       build/stm32l4xx_hal.o
                                                  build/stm32l4xx_hal_pcd_ex.o
                                                  build/stm32l4xx_hal_dma.o
                                                  build/stm32l4xx_hal_flash.o
                                                  build/stm32l4xx_hal_rcc_ex.o
                                                  build/stm32l4xx_hal_rcc.o
                                                  build/stm32l4xx_hal_i2c.o
                                                  build/stm32l4xx_hal_uart_ex.o
                                                  build/stm32l4xx_hal_uart.o
HAL_GetTickFreq                                   build/stm32l4xx_hal.o
HAL_GetTickPrio                                   build/stm32l4xx_hal.o
HAL_GetUIDw0                                      build/stm32l4xx_hal.o
HAL_GetUIDw1                                      build/stm32l4xx_hal.o
HAL_GetUIDw2                                      build/stm32l4xx_hal.o
HAL_HalfDuplex_EnableReceiver                     build/stm32l4xx_hal_uart.o
HAL_HalfDuplex_EnableTransmitter                  build/stm32l4xx_hal_uart.o
HAL_HalfDuplex_Init                               build/stm32l4xx_hal_uart.o
HAL_I2CEx_ConfigAnalogFilter                      build/stm32l4xx_hal_i2c_ex.o
HAL_I2CEx_ConfigDigitalFilter                     build/stm32l4xx_hal_i2c_ex.o
HAL_I2CEx_DisableFastModePlus                     build/stm32l4xx_hal_i2c_ex.o
HAL_I2CEx_DisableWakeUp                           build/stm32l4xx_hal_i2c_ex.o
HAL_I2CEx_EnableFastModePlus                      build/stm32l4xx_hal_i2c_ex.o
HAL_I2CEx_EnableWakeUp                            build/stm32l4xx_hal_i2c_ex.o
HAL_I2C_AbortCpltCallback                         build/stm32l4xx_hal_i2c.o
HAL_I2C_AddrCallback                              build/stm32l4xx_hal_i2c.o
HAL_I2C_DeInit                                    build/stm32l4xx_hal_i2c.o
HAL_I2C_DisableListen_IT                          build/stm32l4xx_hal_i2c.o
HAL_I2C_ER_IRQHandler                             build/stm32l4xx_hal_i2c.o
HAL_I2C_EV_IRQHandler                             build/stm32l4xx_hal_i2c.o
HAL_I2C_EnableListen_IT                           build/stm32l4xx_hal_i2c.o
HAL_I2C_ErrorCallback                             build/stm32l4xx_hal_i2c.o
HAL_I2C_GetError                                  build/stm32l4xx_hal_i2c.o
HAL_I2C_GetMode                                   build/stm32l4xx_hal_i2c.o
HAL_I2C_GetState                                  build/stm32l4xx_hal_i2c.o
HAL_I2C_Init                                      build/stm32l4xx_hal_i2c.o
HAL_I2C_IsDeviceReady                             build/stm32l4xx_hal_i2c.o
HAL_I2C_ListenCpltCallback                        build/stm32l4xx_hal_i2c.o
HAL_I2C_MasterRxCpltCallback                      build/stm32l4xx_hal_i2c.o
HAL_I2C_MasterTxCpltCallback                      build/stm32l4xx_hal_i2c.o
HAL_I2C_Master_Abort_IT                           build/stm32l4xx_hal_i2c.o
HAL_I2C_Master_Receive                            build/stm32l4xx_hal_i2c.o
HAL_I2C_Master_Receive_DMA                        build/stm32l4xx_hal_i2c.o
HAL_I2C_Master_Receive_IT                         build/stm32l4xx_hal_i2c.o
HAL_I2C_Master_Seq_Receive_DMA                    build/stm32l4xx_hal_i2c.o
HAL_I2C_Master_Seq_Receive_IT                     build/stm32l4xx_hal_i2c.o
HAL_I2C_Master_Seq_Transmit_DMA                   build/stm32l4xx_hal_i2c.o
HAL_I2C_Master_Seq_Transmit_IT                    build/stm32l4xx_hal_i2c.o
HAL_I2C_Master_Transmit                           build/stm32l4xx_hal_i2c.o
HAL_I2C_Master_Transmit_DMA                       build/stm32l4xx_hal_i2c.o
HAL_I2C_Master_Transmit_IT                        build/stm32l4xx_hal_i2c.o
HAL_I2C_MemRxCpltCallback                         build/stm32l4xx_hal_i2c.o
HAL_I2C_MemTxCpltCallback                         build/stm32l4xx_hal_i2c.o
HAL_I2C_Mem_Read                                  build/stm32l4xx_hal_i2c.o
HAL_I2C_Mem_Read_DMA                              build/stm32l4xx_hal_i2c.o
HAL_I2C_Mem_Read_IT                               build/stm32l4xx_hal_i2c.o
HAL_I2C_Mem_Write                                 build/stm32l4xx_hal_i2c.o
HAL_I2C_Mem_Write_DMA                             build/stm32l4xx_hal_i2c.o
HAL_I2C_Mem_Write_IT                              build/stm32l4xx_hal_i2c.o
HAL_I2C_MspDeInit                                 build/stm32l4xx_hal_i2c.o
HAL_I2C_MspInit                                   build/stm32l4xx_hal_i2c.o
HAL_I2C_SlaveRxCpltCallback                       build/stm32l4xx_hal_i2c.o
HAL_I2C_SlaveTxCpltCallback                       build/stm32l4xx_hal_i2c.o
HAL_I2C_Slave_Receive                             build/stm32l4xx_hal_i2c.o
HAL_I2C_Slave_Receive_DMA                         build/stm32l4xx_hal_i2c.o
HAL_I2C_Slave_Receive_IT                          build/stm32l4xx_hal_i2c.o
HAL_I2C_Slave_Seq_Receive_DMA                     build/stm32l4xx_hal_i2c.o
HAL_I2C_Slave_Seq_Receive_IT                      build/stm32l4xx_hal_i2c.o
HAL_I2C_Slave_Seq_Transmit_DMA                    build/stm32l4xx_hal_i2c.o
HAL_I2C_Slave_Seq_Transmit_IT                     build/stm32l4xx_hal_i2c.o
HAL_I2C_Slave_Transmit                            build/stm32l4xx_hal_i2c.o
HAL_I2C_Slave_Transmit_DMA                        build/stm32l4xx_hal_i2c.o
HAL_I2C_Slave_Transmit_IT                         build/stm32l4xx_hal_i2c.o
HAL_IncTick                                       build/stm32l4xx_hal.o
                                                  build/stm32l4xx_it.o
HAL_Init                                          build/stm32l4xx_hal.o
                                                  build/main.o
HAL_InitTick                                      build/stm32l4xx_hal.o
                                                  build/stm32l4xx_hal_rcc.o
HAL_LIN_Init                                      build/stm32l4xx_hal_uart.o
HAL_LIN_SendBreak                                 build/stm32l4xx_hal_uart.o
HAL_MPU_ConfigRegion                              build/stm32l4xx_hal_cortex.o
HAL_MPU_Disable                                   build/stm32l4xx_hal_cortex.o
HAL_MPU_Enable                                    build/stm32l4xx_hal_cortex.o
HAL_MspDeInit                                     build/stm32l4xx_hal.o
HAL_MspInit                                       build/stm32l4xx_hal_msp.o
HAL_MultiProcessorEx_AddressLength_Set            build/stm32l4xx_hal_uart_ex.o
HAL_MultiProcessor_DisableMuteMode                build/stm32l4xx_hal_uart.o
HAL_MultiProcessor_EnableMuteMode                 build/stm32l4xx_hal_uart.o
HAL_MultiProcessor_EnterMuteMode                  build/stm32l4xx_hal_uart.o
HAL_MultiProcessor_Init                           build/stm32l4xx_hal_uart.o
HAL_NVIC_ClearPendingIRQ                          build/stm32l4xx_hal_cortex.o
HAL_NVIC_DisableIRQ                               build/stm32l4xx_hal_cortex.o
HAL_NVIC_EnableIRQ                                build/stm32l4xx_hal_cortex.o
HAL_NVIC_GetActive                                build/stm32l4xx_hal_cortex.o
HAL_NVIC_GetPendingIRQ                            build/stm32l4xx_hal_cortex.o
HAL_NVIC_GetPriority                              build/stm32l4xx_hal_cortex.o
HAL_NVIC_GetPriorityGrouping                      build/stm32l4xx_hal_cortex.o
HAL_NVIC_SetPendingIRQ                            build/stm32l4xx_hal_cortex.o
HAL_NVIC_SetPriority                              build/stm32l4xx_hal_cortex.o
                                                  build/stm32l4xx_hal.o
HAL_NVIC_SetPriorityGrouping                      build/stm32l4xx_hal_cortex.o
                                                  build/stm32l4xx_hal.o
HAL_NVIC_SystemReset                              build/stm32l4xx_hal_cortex.o
HAL_PCDEx_ActivateBCD                             build/stm32l4xx_hal_pcd_ex.o
HAL_PCDEx_ActivateLPM                             build/stm32l4xx_hal_pcd_ex.o
                                                  build/stm32l4xx_hal_pcd.o
HAL_PCDEx_BCD_Callback                            build/stm32l4xx_hal_pcd_ex.o
HAL_PCDEx_BCD_VBUSDetect                          build/stm32l4xx_hal_pcd_ex.o
HAL_PCDEx_DeActivateBCD                           build/stm32l4xx_hal_pcd_ex.o
HAL_PCDEx_DeActivateLPM                           build/stm32l4xx_hal_pcd_ex.o
HAL_PCDEx_LPM_Callback                            build/stm32l4xx_hal_pcd_ex.o
                                                  build/stm32l4xx_hal_pcd.o
HAL_PCDEx_SetRxFiFo                               build/stm32l4xx_hal_pcd_ex.o
HAL_PCDEx_SetTxFiFo                               build/stm32l4xx_hal_pcd_ex.o
HAL_PCD_ActivateRemoteWakeup                      build/stm32l4xx_hal_pcd.o
HAL_PCD_ConnectCallback                           build/stm32l4xx_hal_pcd.o
HAL_PCD_DataInStageCallback                       build/stm32l4xx_hal_pcd.o
HAL_PCD_DataOutStageCallback                      build/stm32l4xx_hal_pcd.o
HAL_PCD_DeActivateRemoteWakeup                    build/stm32l4xx_hal_pcd.o
HAL_PCD_DeInit                                    build/stm32l4xx_hal_pcd.o
HAL_PCD_DevConnect                                build/stm32l4xx_hal_pcd.o
HAL_PCD_DevDisconnect                             build/stm32l4xx_hal_pcd.o
HAL_PCD_DisconnectCallback                        build/stm32l4xx_hal_pcd.o
HAL_PCD_EP_Abort                                  build/stm32l4xx_hal_pcd.o
HAL_PCD_EP_Close                                  build/stm32l4xx_hal_pcd.o
HAL_PCD_EP_ClrStall                               build/stm32l4xx_hal_pcd.o
HAL_PCD_EP_Flush                                  build/stm32l4xx_hal_pcd.o
HAL_PCD_EP_GetRxCount                             build/stm32l4xx_hal_pcd.o
HAL_PCD_EP_Open                                   build/stm32l4xx_hal_pcd.o
HAL_PCD_EP_Receive                                build/stm32l4xx_hal_pcd.o
HAL_PCD_EP_SetStall                               build/stm32l4xx_hal_pcd.o
HAL_PCD_EP_Transmit                               build/stm32l4xx_hal_pcd.o
HAL_PCD_GetState                                  build/stm32l4xx_hal_pcd.o
HAL_PCD_IRQHandler                                build/stm32l4xx_hal_pcd.o
HAL_PCD_ISOINIncompleteCallback                   build/stm32l4xx_hal_pcd.o
HAL_PCD_ISOOUTIncompleteCallback                  build/stm32l4xx_hal_pcd.o
HAL_PCD_Init                                      build/stm32l4xx_hal_pcd.o
                                                  build/usb_otg.o
HAL_PCD_MspDeInit                                 build/usb_otg.o
HAL_PCD_MspInit                                   build/usb_otg.o
HAL_PCD_ResetCallback                             build/stm32l4xx_hal_pcd.o
HAL_PCD_ResumeCallback                            build/stm32l4xx_hal_pcd.o
HAL_PCD_SOFCallback                               build/stm32l4xx_hal_pcd.o
HAL_PCD_SetAddress                                build/stm32l4xx_hal_pcd.o
HAL_PCD_SetupStageCallback                        build/stm32l4xx_hal_pcd.o
HAL_PCD_Start                                     build/stm32l4xx_hal_pcd.o
HAL_PCD_Stop                                      build/stm32l4xx_hal_pcd.o
HAL_PCD_SuspendCallback                           build/stm32l4xx_hal_pcd.o
HAL_PWREx_ConfigPVM                               build/stm32l4xx_hal_pwr_ex.o
HAL_PWREx_ControlVoltageScaling                   build/stm32l4xx_hal_pwr_ex.o
                                                  build/main.o
HAL_PWREx_DisableBatteryCharging                  build/stm32l4xx_hal_pwr_ex.o
HAL_PWREx_DisableGPIOPullDown                     build/stm32l4xx_hal_pwr_ex.o
HAL_PWREx_DisableGPIOPullUp                       build/stm32l4xx_hal_pwr_ex.o
HAL_PWREx_DisableInternalWakeUpLine               build/stm32l4xx_hal_pwr_ex.o
HAL_PWREx_DisableLowPowerRunMode                  build/stm32l4xx_hal_pwr_ex.o
                                                  build/stm32l4xx_hal_pwr.o
HAL_PWREx_DisablePVM1                             build/stm32l4xx_hal_pwr_ex.o
HAL_PWREx_DisablePVM2                             build/stm32l4xx_hal_pwr_ex.o
HAL_PWREx_DisablePVM3                             build/stm32l4xx_hal_pwr_ex.o
HAL_PWREx_DisablePVM4                             build/stm32l4xx_hal_pwr_ex.o
HAL_PWREx_DisablePullUpPullDownConfig             build/stm32l4xx_hal_pwr_ex.o
HAL_PWREx_DisableSRAM2ContentRetention            build/stm32l4xx_hal_pwr_ex.o
HAL_PWREx_DisableVddIO2                           build/stm32l4xx_hal_pwr_ex.o
HAL_PWREx_DisableVddUSB                           build/stm32l4xx_hal_pwr_ex.o
                                                  build/usb_otg.o
HAL_PWREx_EnableBatteryCharging                   build/stm32l4xx_hal_pwr_ex.o
HAL_PWREx_EnableGPIOPullDown                      build/stm32l4xx_hal_pwr_ex.o
HAL_PWREx_EnableGPIOPullUp                        build/stm32l4xx_hal_pwr_ex.o
HAL_PWREx_EnableInternalWakeUpLine                build/stm32l4xx_hal_pwr_ex.o
HAL_PWREx_EnableLowPowerRunMode                   build/stm32l4xx_hal_pwr_ex.o
                                                  build/stm32l4xx_hal_pwr.o
HAL_PWREx_EnablePVM1                              build/stm32l4xx_hal_pwr_ex.o
HAL_PWREx_EnablePVM2                              build/stm32l4xx_hal_pwr_ex.o
HAL_PWREx_EnablePVM3                              build/stm32l4xx_hal_pwr_ex.o
HAL_PWREx_EnablePVM4                              build/stm32l4xx_hal_pwr_ex.o
HAL_PWREx_EnablePullUpPullDownConfig              build/stm32l4xx_hal_pwr_ex.o
HAL_PWREx_EnableSRAM2ContentRetention             build/stm32l4xx_hal_pwr_ex.o
HAL_PWREx_EnableVddIO2                            build/stm32l4xx_hal_pwr_ex.o
HAL_PWREx_EnableVddUSB                            build/stm32l4xx_hal_pwr_ex.o
                                                  build/usb_otg.o
HAL_PWREx_EnterSHUTDOWNMode                       build/stm32l4xx_hal_pwr_ex.o
HAL_PWREx_EnterSTOP0Mode                          build/stm32l4xx_hal_pwr_ex.o
                                                  build/stm32l4xx_hal_pwr.o
HAL_PWREx_EnterSTOP1Mode                          build/stm32l4xx_hal_pwr_ex.o
                                                  build/stm32l4xx_hal_pwr.o
HAL_PWREx_EnterSTOP2Mode                          build/stm32l4xx_hal_pwr_ex.o
HAL_PWREx_GetVoltageRange                         build/stm32l4xx_hal_pwr_ex.o
                                                  build/stm32l4xx_hal_rcc.o
HAL_PWREx_PVD_PVM_IRQHandler                      build/stm32l4xx_hal_pwr_ex.o
HAL_PWREx_PVM1Callback                            build/stm32l4xx_hal_pwr_ex.o
HAL_PWREx_PVM2Callback                            build/stm32l4xx_hal_pwr_ex.o
HAL_PWREx_PVM3Callback                            build/stm32l4xx_hal_pwr_ex.o
HAL_PWREx_PVM4Callback                            build/stm32l4xx_hal_pwr_ex.o
HAL_PWREx_SetSRAM2ContentRetention                build/stm32l4xx_hal_pwr_ex.o
HAL_PWR_ConfigPVD                                 build/stm32l4xx_hal_pwr.o
HAL_PWR_DeInit                                    build/stm32l4xx_hal_pwr.o
HAL_PWR_DisableBkUpAccess                         build/stm32l4xx_hal_pwr.o
                                                  build/stm32l4xx_hal_rcc_ex.o
HAL_PWR_DisablePVD                                build/stm32l4xx_hal_pwr.o
HAL_PWR_DisableSEVOnPend                          build/stm32l4xx_hal_pwr.o
HAL_PWR_DisableSleepOnExit                        build/stm32l4xx_hal_pwr.o
HAL_PWR_DisableWakeUpPin                          build/stm32l4xx_hal_pwr.o
HAL_PWR_EnableBkUpAccess                          build/stm32l4xx_hal_pwr.o
                                                  build/stm32l4xx_hal_rcc_ex.o
                                                  build/main.o
HAL_PWR_EnablePVD                                 build/stm32l4xx_hal_pwr.o
HAL_PWR_EnableSEVOnPend                           build/stm32l4xx_hal_pwr.o
HAL_PWR_EnableSleepOnExit                         build/stm32l4xx_hal_pwr.o
HAL_PWR_EnableWakeUpPin                           build/stm32l4xx_hal_pwr.o
HAL_PWR_EnterSLEEPMode                            build/stm32l4xx_hal_pwr.o
HAL_PWR_EnterSTANDBYMode                          build/stm32l4xx_hal_pwr.o
HAL_PWR_EnterSTOPMode                             build/stm32l4xx_hal_pwr.o
HAL_PWR_PVDCallback                               build/stm32l4xx_hal_pwr.o
                                                  build/stm32l4xx_hal_pwr_ex.o
HAL_RCCEx_CRSConfig                               build/stm32l4xx_hal_rcc_ex.o
HAL_RCCEx_CRSGetSynchronizationInfo               build/stm32l4xx_hal_rcc_ex.o
HAL_RCCEx_CRSSoftwareSynchronizationGenerate      build/stm32l4xx_hal_rcc_ex.o
HAL_RCCEx_CRSWaitSynchronization                  build/stm32l4xx_hal_rcc_ex.o
HAL_RCCEx_CRS_ErrorCallback                       build/stm32l4xx_hal_rcc_ex.o
HAL_RCCEx_CRS_ExpectedSyncCallback                build/stm32l4xx_hal_rcc_ex.o
HAL_RCCEx_CRS_IRQHandler                          build/stm32l4xx_hal_rcc_ex.o
HAL_RCCEx_CRS_SyncOkCallback                      build/stm32l4xx_hal_rcc_ex.o
HAL_RCCEx_CRS_SyncWarnCallback                    build/stm32l4xx_hal_rcc_ex.o
HAL_RCCEx_DisableLSCO                             build/stm32l4xx_hal_rcc_ex.o
HAL_RCCEx_DisableLSECSS                           build/stm32l4xx_hal_rcc_ex.o
HAL_RCCEx_DisableMSIPLLMode                       build/stm32l4xx_hal_rcc_ex.o
HAL_RCCEx_DisablePLLSAI1                          build/stm32l4xx_hal_rcc_ex.o
HAL_RCCEx_DisablePLLSAI2                          build/stm32l4xx_hal_rcc_ex.o
HAL_RCCEx_EnableLSCO                              build/stm32l4xx_hal_rcc_ex.o
HAL_RCCEx_EnableLSECSS                            build/stm32l4xx_hal_rcc_ex.o
HAL_RCCEx_EnableLSECSS_IT                         build/stm32l4xx_hal_rcc_ex.o
HAL_RCCEx_EnableMSIPLLMode                        build/stm32l4xx_hal_rcc_ex.o
                                                  build/main.o
HAL_RCCEx_EnablePLLSAI1                           build/stm32l4xx_hal_rcc_ex.o
HAL_RCCEx_EnablePLLSAI2                           build/stm32l4xx_hal_rcc_ex.o
HAL_RCCEx_GetPeriphCLKConfig                      build/stm32l4xx_hal_rcc_ex.o
HAL_RCCEx_GetPeriphCLKFreq                        build/stm32l4xx_hal_rcc_ex.o
HAL_RCCEx_LSECSS_Callback                         build/stm32l4xx_hal_rcc_ex.o
HAL_RCCEx_LSECSS_IRQHandler                       build/stm32l4xx_hal_rcc_ex.o
HAL_RCCEx_PeriphCLKConfig                         build/stm32l4xx_hal_rcc_ex.o
                                                  build/usb_otg.o
                                                  build/usart.o
HAL_RCCEx_StandbyMSIRangeConfig                   build/stm32l4xx_hal_rcc_ex.o
HAL_RCCEx_WakeUpStopCLKConfig                     build/stm32l4xx_hal_rcc_ex.o
HAL_RCC_CSSCallback                               build/stm32l4xx_hal_rcc.o
HAL_RCC_ClockConfig                               build/stm32l4xx_hal_rcc.o
                                                  build/main.o
HAL_RCC_DeInit                                    build/stm32l4xx_hal_rcc.o
HAL_RCC_EnableCSS                                 build/stm32l4xx_hal_rcc.o
HAL_RCC_GetClockConfig                            build/stm32l4xx_hal_rcc.o
HAL_RCC_GetHCLKFreq                               build/stm32l4xx_hal_rcc.o
                                                  build/stm32l4xx_hal_pcd.o
HAL_RCC_GetOscConfig                              build/stm32l4xx_hal_rcc.o
HAL_RCC_GetPCLK1Freq                              build/stm32l4xx_hal_rcc.o
                                                  build/stm32l4xx_hal_rcc_ex.o
                                                  build/stm32l4xx_hal_uart.o
HAL_RCC_GetPCLK2Freq                              build/stm32l4xx_hal_rcc.o
                                                  build/stm32l4xx_hal_rcc_ex.o
                                                  build/stm32l4xx_hal_uart.o
HAL_RCC_GetResetSource                            build/stm32l4xx_hal_rcc.o
HAL_RCC_GetSysClockFreq                           build/stm32l4xx_hal_rcc.o
                                                  build/stm32l4xx_hal_rcc_ex.o
                                                  build/stm32l4xx_hal_uart.o
HAL_RCC_MCOConfig                                 build/stm32l4xx_hal_rcc.o
HAL_RCC_NMI_IRQHandler                            build/stm32l4xx_hal_rcc.o
HAL_RCC_OscConfig                                 build/stm32l4xx_hal_rcc.o
                                                  build/main.o
HAL_RS485Ex_Init                                  build/stm32l4xx_hal_uart_ex.o
HAL_ResumeTick                                    build/stm32l4xx_hal.o
HAL_SYSCFG_DisableIOAnalogSwitchBooster           build/stm32l4xx_hal.o
HAL_SYSCFG_DisableMemorySwappingBank              build/stm32l4xx_hal.o
HAL_SYSCFG_DisableVREFBUF                         build/stm32l4xx_hal.o
HAL_SYSCFG_EnableIOAnalogSwitchBooster            build/stm32l4xx_hal.o
HAL_SYSCFG_EnableMemorySwappingBank               build/stm32l4xx_hal.o
HAL_SYSCFG_EnableVREFBUF                          build/stm32l4xx_hal.o
HAL_SYSCFG_SRAM2Erase                             build/stm32l4xx_hal.o
HAL_SYSCFG_VREFBUF_HighImpedanceConfig            build/stm32l4xx_hal.o
HAL_SYSCFG_VREFBUF_TrimmingConfig                 build/stm32l4xx_hal.o
HAL_SYSCFG_VREFBUF_VoltageScalingConfig           build/stm32l4xx_hal.o
HAL_SYSTICK_CLKSourceConfig                       build/stm32l4xx_hal_cortex.o
HAL_SYSTICK_Callback                              build/stm32l4xx_hal_cortex.o
HAL_SYSTICK_Config                                build/stm32l4xx_hal_cortex.o
                                                  build/stm32l4xx_hal.o
HAL_SYSTICK_IRQHandler                            build/stm32l4xx_hal_cortex.o
HAL_SetTickFreq                                   build/stm32l4xx_hal.o
HAL_SuspendTick                                   build/stm32l4xx_hal.o
HAL_UARTEx_DisableClockStopMode                   build/stm32l4xx_hal_uart_ex.o
HAL_UARTEx_DisableStopMode                        build/stm32l4xx_hal_uart_ex.o
HAL_UARTEx_EnableClockStopMode                    build/stm32l4xx_hal_uart_ex.o
HAL_UARTEx_EnableStopMode                         build/stm32l4xx_hal_uart_ex.o
HAL_UARTEx_ReceiveToIdle                          build/stm32l4xx_hal_uart_ex.o
HAL_UARTEx_ReceiveToIdle_DMA                      build/stm32l4xx_hal_uart_ex.o
HAL_UARTEx_ReceiveToIdle_IT                       build/stm32l4xx_hal_uart_ex.o
HAL_UARTEx_RxEventCallback                        build/stm32l4xx_hal_uart.o
HAL_UARTEx_StopModeWakeUpSourceConfig             build/stm32l4xx_hal_uart_ex.o
HAL_UARTEx_WakeupCallback                         build/stm32l4xx_hal_uart_ex.o
                                                  build/stm32l4xx_hal_uart.o
HAL_UART_Abort                                    build/stm32l4xx_hal_uart.o
HAL_UART_AbortCpltCallback                        build/stm32l4xx_hal_uart.o
HAL_UART_AbortReceive                             build/stm32l4xx_hal_uart.o
HAL_UART_AbortReceiveCpltCallback                 build/stm32l4xx_hal_uart.o
HAL_UART_AbortReceive_IT                          build/stm32l4xx_hal_uart.o
HAL_UART_AbortTransmit                            build/stm32l4xx_hal_uart.o
HAL_UART_AbortTransmitCpltCallback                build/stm32l4xx_hal_uart.o
HAL_UART_AbortTransmit_IT                         build/stm32l4xx_hal_uart.o
HAL_UART_Abort_IT                                 build/stm32l4xx_hal_uart.o
HAL_UART_DMAPause                                 build/stm32l4xx_hal_uart.o
HAL_UART_DMAResume                                build/stm32l4xx_hal_uart.o
HAL_UART_DMAStop                                  build/stm32l4xx_hal_uart.o
HAL_UART_DeInit                                   build/stm32l4xx_hal_uart.o
HAL_UART_DisableReceiverTimeout                   build/stm32l4xx_hal_uart.o
HAL_UART_EnableReceiverTimeout                    build/stm32l4xx_hal_uart.o
HAL_UART_ErrorCallback                            build/stm32l4xx_hal_uart.o
HAL_UART_GetError                                 build/stm32l4xx_hal_uart.o
HAL_UART_GetState                                 build/stm32l4xx_hal_uart.o
HAL_UART_IRQHandler                               build/stm32l4xx_hal_uart.o
HAL_UART_Init                                     build/stm32l4xx_hal_uart.o
                                                  build/usart.o
HAL_UART_MspDeInit                                build/usart.o
HAL_UART_MspInit                                  build/usart.o
                                                  build/stm32l4xx_hal_uart_ex.o
HAL_UART_Receive                                  build/stm32l4xx_hal_uart.o
HAL_UART_Receive_DMA                              build/stm32l4xx_hal_uart.o
HAL_UART_Receive_IT                               build/stm32l4xx_hal_uart.o
HAL_UART_ReceiverTimeout_Config                   build/stm32l4xx_hal_uart.o
HAL_UART_RxCpltCallback                           build/stm32l4xx_hal_uart.o
HAL_UART_RxHalfCpltCallback                       build/stm32l4xx_hal_uart.o
HAL_UART_Transmit                                 build/stm32l4xx_hal_uart.o
HAL_UART_Transmit_DMA                             build/stm32l4xx_hal_uart.o
HAL_UART_Transmit_IT                              build/stm32l4xx_hal_uart.o
HAL_UART_TxCpltCallback                           build/stm32l4xx_hal_uart.o
HAL_UART_TxHalfCpltCallback                       build/stm32l4xx_hal_uart.o
HASH_RNG_IRQHandler                               build/startup_stm32l4a6xx.o
HardFault_Handler                                 build/stm32l4xx_it.o
I2C1_ER_IRQHandler                                build/startup_stm32l4a6xx.o
I2C1_EV_IRQHandler                                build/startup_stm32l4a6xx.o
I2C2_ER_IRQHandler                                build/startup_stm32l4a6xx.o
I2C2_EV_IRQHandler                                build/startup_stm32l4a6xx.o
I2C3_ER_IRQHandler                                build/startup_stm32l4a6xx.o
I2C3_EV_IRQHandler                                build/startup_stm32l4a6xx.o
I2C4_ER_IRQHandler                                build/startup_stm32l4a6xx.o
I2C4_EV_IRQHandler                                build/startup_stm32l4a6xx.o
LCD_IRQHandler                                    build/startup_stm32l4a6xx.o
LL_EXTI_DeInit                                    build/stm32l4xx_ll_exti.o
LL_EXTI_Init                                      build/stm32l4xx_ll_exti.o
                                                  build/gpio.o
LL_EXTI_StructInit                                build/stm32l4xx_ll_exti.o
LL_GPIO_DeInit                                    build/stm32l4xx_ll_gpio.o
LL_GPIO_Init                                      build/stm32l4xx_ll_gpio.o
                                                  build/gpio.o
LL_GPIO_StructInit                                build/stm32l4xx_ll_gpio.o
LL_Init1msTick                                    build/stm32l4xx_ll_utils.o
LL_PLL_ConfigSystemClock_HSE                      build/stm32l4xx_ll_utils.o
LL_PLL_ConfigSystemClock_HSI                      build/stm32l4xx_ll_utils.o
LL_PLL_ConfigSystemClock_MSI                      build/stm32l4xx_ll_utils.o
LL_SetFlashLatency                                build/stm32l4xx_ll_utils.o
LL_SetSystemCoreClock                             build/stm32l4xx_ll_utils.o
LL_mDelay                                         build/stm32l4xx_ll_utils.o
LPTIM1_IRQHandler                                 build/startup_stm32l4a6xx.o
LPTIM2_IRQHandler                                 build/startup_stm32l4a6xx.o
LPUART1_IRQHandler                                build/startup_stm32l4a6xx.o
MSIRangeTable                                     build/system_stm32l4xx.o
                                                  build/stm32l4xx_ll_utils.o
                                                  build/stm32l4xx_hal_rcc_ex.o
                                                  build/stm32l4xx_hal_rcc.o
MX_GPIO_Init                                      build/gpio.o
                                                  build/main.o
MX_LPUART1_UART_Init                              build/usart.o
                                                  build/main.o
MX_USART2_UART_Init                               build/usart.o
                                                  build/main.o
MX_USB_OTG_FS_PCD_Init                            build/usb_otg.o
                                                  build/main.o
MemManage_Handler                                 build/stm32l4xx_it.o
NMI_Handler                                       build/stm32l4xx_it.o
NUM_OF_FLASHING_PERIODS                           build/main.o
OTG_FS_IRQHandler                                 build/startup_stm32l4a6xx.o
PVD_PVM_IRQHandler                                build/startup_stm32l4a6xx.o
PendSV_Handler                                    build/stm32l4xx_it.o
QUADSPI_IRQHandler                                build/startup_stm32l4a6xx.o
RCC_IRQHandler                                    build/startup_stm32l4a6xx.o
RTC_Alarm_IRQHandler                              build/startup_stm32l4a6xx.o
RTC_WKUP_IRQHandler                               build/startup_stm32l4a6xx.o
Reset_Handler                                     build/startup_stm32l4a6xx.o
SAI1_IRQHandler                                   build/startup_stm32l4a6xx.o
SAI2_IRQHandler                                   build/startup_stm32l4a6xx.o
SDMMC1_IRQHandler                                 build/startup_stm32l4a6xx.o
SPI1_IRQHandler                                   build/startup_stm32l4a6xx.o
SPI2_IRQHandler                                   build/startup_stm32l4a6xx.o
SPI3_IRQHandler                                   build/startup_stm32l4a6xx.o
SVC_Handler                                       build/stm32l4xx_it.o
SWPMI1_IRQHandler                                 build/startup_stm32l4a6xx.o
SysTick_Handler                                   build/stm32l4xx_it.o
SystemClock_Config                                build/main.o
SystemCoreClock                                   build/system_stm32l4xx.o
                                                  build/stm32l4xx_ll_utils.o
                                                  build/stm32l4xx_hal_pwr_ex.o
                                                  build/stm32l4xx_hal_rcc.o
                                                  build/stm32l4xx_hal.o
SystemCoreClockUpdate                             build/system_stm32l4xx.o
SystemInit                                        build/system_stm32l4xx.o
                                                  build/startup_stm32l4a6xx.o
TAMP_STAMP_IRQHandler                             build/startup_stm32l4a6xx.o
TIM1_BRK_TIM15_IRQHandler                         build/startup_stm32l4a6xx.o
TIM1_CC_IRQHandler                                build/startup_stm32l4a6xx.o
TIM1_TRG_COM_TIM17_IRQHandler                     build/startup_stm32l4a6xx.o
TIM1_UP_TIM16_IRQHandler                          build/startup_stm32l4a6xx.o
TIM2_IRQHandler                                   build/startup_stm32l4a6xx.o